============================================================
  Generated by:           Genus(TM) Synthesis Solution 21.14-s082_1
  Generated on:           May 02 2026  11:05:30 am
  Module:                 Single_Cycle_Core
  Operating conditions:   slow (balanced_tree)
  Wireload mode:          enclosed
  Area mode:              timing library
============================================================


Path 1: VIOLATED (-148 ps) Setup Check with Pin Datapath_Register_inst_REG_MEM_BLOCK_reg[9][31]/CK->D
          Group: sys_clk
     Startpoint: (R) Datapath_Register_inst_REG_MEM_BLOCK_reg[2][1]/CK
          Clock: (R) sys_clk
       Endpoint: (F) Datapath_Register_inst_REG_MEM_BLOCK_reg[9][31]/D
          Clock: (R) sys_clk

                     Capture       Launch     
        Clock Edge:+   12000            0     
       Src Latency:+       0            0     
       Net Latency:+       0 (I)        0 (I) 
           Arrival:=   12000            0     
                                              
             Setup:-     586                  
       Uncertainty:-     500                  
     Required Time:=   10914                  
      Launch Clock:-       0                  
         Data Path:-   11062                  
             Slack:=    -148                  

#----------------------------------------------------------------------------------------------------------------------------
#                   Timing Point                    Flags    Arc    Edge   Cell     Fanout Load Trans Delay Arrival Instance 
#                                                                                          (fF)  (ps)  (ps)   (ps)  Location 
#----------------------------------------------------------------------------------------------------------------------------
  Datapath_Register_inst_REG_MEM_BLOCK_reg[2][1]/CK -       -       R     (arrival)   1024    -   200     0       0    (-,-) 
  Datapath_Register_inst_REG_MEM_BLOCK_reg[2][1]/Q  -       CK->Q   F     SDFFHQX4       4 13.6    63   256     256    (-,-) 
  g58276__6783/Y                                    -       C0->Y   R     AOI222X1       1  4.8   430   369     625    (-,-) 
  g58009__9945/Y                                    -       A->Y    F     NAND3X1        1  4.3   150   116     741    (-,-) 
  g57963__5526/Y                                    -       A->Y    R     NOR2X1         1  7.8   225   165     907    (-,-) 
  g57901__5477/Y                                    -       A->Y    F     NAND2X2        2 55.9   266   203    1110    (-,-) 
  g57822__9945/Y                                    -       B->Y    F     MX2X4         11 43.6   142   335    1445    (-,-) 
  g38991/Y                                          -       A->Y    R     INVX1         11 42.2   547   346    1791    (-,-) 
  g38961/Y                                          -       A->Y    R     AND2X2         9 33.8   256   318    2109    (-,-) 
  g38949/Y                                          -       A->Y    F     INVX1          8 28.7   221   184    2293    (-,-) 
  g38948/Y                                          -       A->Y    R     INVX1         18 72.7   916   570    2863    (-,-) 
  g38783/Y                                          -       A->Y    F     NAND2X1        2  9.4   227   154    3017    (-,-) 
  g38657/Y                                          -       C->Y    R     NAND4X1        2  9.0   251   202    3219    (-,-) 
  g38564/Y                                          -       B0->Y   F     AOI22X1        3 11.5   302   176    3394    (-,-) 
  g38439/Y                                          -       A->Y    R     NOR2X1         1  4.7   185   160    3554    (-,-) 
  g38385/Y                                          -       C0->Y   F     AOI221X1       1  4.0   227    84    3638    (-,-) 
  g38339/Y                                          -       A->Y    R     NAND2X1        1  3.7   121   110    3748    (-,-) 
  g59876/Y                                          -       B->Y    F     NAND2X1        1  4.2   155    72    3819    (-,-) 
  g38048/Y                                          -       C0->Y   R     OAI211X1       3 13.7   461   204    4023    (-,-) 
  g60005/CO                                         -       A->CO   R     AFHCINX2       1 13.0   276   389    4412    (-,-) 
  g60004/CON                                        -       CI->CON F     AFHCONX2       3 11.2   341   144    4556    (-,-) 
  g37949/Y                                          -       A0->Y   R     OAI21X1        3  9.4   318   270    4826    (-,-) 
  g37947/Y                                          -       A1N->Y  R     OAI2BB1X2      3  9.4   128   205    5031    (-,-) 
  g37945/Y                                          -       A1N->Y  R     OAI2BB1X2      3  9.4   122   178    5209    (-,-) 
  g37943/Y                                          -       A1N->Y  R     OAI2BB1X2      2 10.3   127   180    5389    (-,-) 
  g37941/Y                                          -       A->Y    F     NAND2X1        1  6.7   100    82    5471    (-,-) 
  g37939/Y                                          -       B0->Y   R     OAI2BB1X2      3  9.4   118    97    5567    (-,-) 
  g37937/Y                                          -       A1N->Y  R     OAI2BB1X2      3  9.4   129   176    5743    (-,-) 
  g37935/Y                                          -       A1N->Y  R     OAI2BB1X2      3  9.4   128   178    5921    (-,-) 
  g37933/Y                                          -       A1N->Y  R     OAI2BB1X2      3  9.4   129   178    6099    (-,-) 
  g37931/Y                                          -       A1N->Y  R     OAI2BB1X2      3  9.4   131   178    6277    (-,-) 
  g37929/Y                                          -       A1N->Y  R     OAI2BB1X2      3  9.4   129   178    6455    (-,-) 
  g37927/Y                                          -       A1N->Y  R     OAI2BB1X2      3  9.4   129   178    6633    (-,-) 
  g37925/Y                                          -       A1N->Y  R     OAI2BB1X2      3  9.4   123   178    6811    (-,-) 
  g37923/Y                                          -       A1N->Y  R     OAI2BB1X2      3  9.4   128   177    6988    (-,-) 
  g37921/Y                                          -       A1N->Y  R     OAI2BB1X2      2 10.3   127   181    7169    (-,-) 
  g37919/Y                                          -       A->Y    F     NAND2X1        1  4.0    82    68    7237    (-,-) 
  g37917/Y                                          -       A->Y    R     NAND2X1        2 10.3   196   125    7362    (-,-) 
  g37915/Y                                          -       A->Y    F     NAND2X1        1  3.4    84    71    7433    (-,-) 
  g37913/Y                                          -       B0->Y   R     OAI2BB1X1      3  9.4   187   133    7566    (-,-) 
  g37911/Y                                          -       A1N->Y  R     OAI2BB1X2      3  9.4   123   188    7753    (-,-) 
  g37909/Y                                          -       A1N->Y  R     OAI2BB1X2      2  8.9   119   175    7928    (-,-) 
  g37906/Y                                          -       A1N->Y  R     OAI2BB1X2      2 10.3   131   179    8107    (-,-) 
  g37904/Y                                          -       A->Y    F     NAND2X1        1  4.0    82    69    8176    (-,-) 
  g37902/Y                                          -       A->Y    R     NAND2X1        2  9.6   186   120    8296    (-,-) 
  g37900/Y                                          -       A->Y    F     NAND2X1        1  4.0    88    73    8370    (-,-) 
  g37898/Y                                          -       A->Y    R     NAND2X1        2  9.6   186   122    8491    (-,-) 
  g37896/Y                                          -       A->Y    F     NAND2X1        1  4.0    88    74    8565    (-,-) 
  g37894/Y                                          -       A->Y    R     NAND2X1        2 10.4   196   127    8692    (-,-) 
  g37890/Y                                          -       A->Y    F     NAND2X1        1  4.0    89    74    8766    (-,-) 
  g37888/Y                                          -       A->Y    R     NAND2X1        2  9.0   180   118    8884    (-,-) 
  g37883/Y                                          -       A1N->Y  R     OAI2BB1X2      2 10.4   132   190    9074    (-,-) 
  g37879/Y                                          -       A->Y    F     NAND2X1        1  4.0    83    69    9142    (-,-) 
  g37877/Y                                          -       A->Y    R     NAND2X1        2  7.9   168   109    9251    (-,-) 
  g37872/Y                                          -       A1N->Y  R     OAI2BB1X1      2  9.0   186   231    9482    (-,-) 
  g37867/Y                                          -       A1N->Y  R     OAI2BB1X2      1  6.4   106   177    9659    (-,-) 
  g59866/Y                                          -       B->Y    F     XNOR2X1        2 51.5   378   484   10142    (-,-) 
  g45104/Y                                          -       A1N->Y  F     OAI2BB1X1      2  7.0   122   291   10434    (-,-) 
  drc_bufs45836/Y                                   -       A->Y    R     INVX1         16 68.0   859   512   10946    (-,-) 
  g44499/Y                                          -       A0->Y   F     OAI21XL        1  2.6   170   117   11062    (-,-) 
  Datapath_Register_inst_REG_MEM_BLOCK_reg[9][31]/D <<<     -       F     SDFFHQX4       1    -     -     0   11062    (-,-) 
#----------------------------------------------------------------------------------------------------------------------------

