Reporting 1 scan chain (muxed_scan)
 
Chain 1: top_chain 
  scan_in:      scan_in 
  scan_out:     scan_out   
  shift_enable: SE (active high) 
  clock_domain: clk (edge: rise)
  length: 1024
    bit 1 	Datapath_PC_inst_PCReg_reg[0]  <clk (rise)>  
    bit 2 	Datapath_PC_inst_PCReg_reg[1]  <clk (rise)>  
    bit 3 	Datapath_PC_inst_PCReg_reg[2]  <clk (rise)>  
    bit 4 	Datapath_PC_inst_PCReg_reg[3]  <clk (rise)>  
    bit 5 	Datapath_PC_inst_PCReg_reg[4]  <clk (rise)>  
    bit 6 	Datapath_PC_inst_PCReg_reg[5]  <clk (rise)>  
    bit 7 	Datapath_PC_inst_PCReg_reg[6]  <clk (rise)>  
    bit 8 	Datapath_PC_inst_PCReg_reg[7]  <clk (rise)>  
    bit 9 	Datapath_PC_inst_PCReg_reg[8]  <clk (rise)>  
    bit 10 	Datapath_PC_inst_PCReg_reg[9]  <clk (rise)>  
    bit 11 	Datapath_PC_inst_PCReg_reg[10]  <clk (rise)>  
    bit 12 	Datapath_PC_inst_PCReg_reg[11]  <clk (rise)>  
    bit 13 	Datapath_PC_inst_PCReg_reg[12]  <clk (rise)>  
    bit 14 	Datapath_PC_inst_PCReg_reg[13]  <clk (rise)>  
    bit 15 	Datapath_PC_inst_PCReg_reg[14]  <clk (rise)>  
    bit 16 	Datapath_PC_inst_PCReg_reg[15]  <clk (rise)>  
    bit 17 	Datapath_PC_inst_PCReg_reg[16]  <clk (rise)>  
    bit 18 	Datapath_PC_inst_PCReg_reg[17]  <clk (rise)>  
    bit 19 	Datapath_PC_inst_PCReg_reg[18]  <clk (rise)>  
    bit 20 	Datapath_PC_inst_PCReg_reg[19]  <clk (rise)>  
    bit 21 	Datapath_PC_inst_PCReg_reg[20]  <clk (rise)>  
    bit 22 	Datapath_PC_inst_PCReg_reg[21]  <clk (rise)>  
    bit 23 	Datapath_PC_inst_PCReg_reg[22]  <clk (rise)>  
    bit 24 	Datapath_PC_inst_PCReg_reg[23]  <clk (rise)>  
    bit 25 	Datapath_PC_inst_PCReg_reg[24]  <clk (rise)>  
    bit 26 	Datapath_PC_inst_PCReg_reg[25]  <clk (rise)>  
    bit 27 	Datapath_PC_inst_PCReg_reg[26]  <clk (rise)>  
    bit 28 	Datapath_PC_inst_PCReg_reg[27]  <clk (rise)>  
    bit 29 	Datapath_PC_inst_PCReg_reg[28]  <clk (rise)>  
    bit 30 	Datapath_PC_inst_PCReg_reg[29]  <clk (rise)>  
    bit 31 	Datapath_PC_inst_PCReg_reg[30]  <clk (rise)>  
    bit 32 	Datapath_PC_inst_PCReg_reg[31]  <clk (rise)>  
    bit 33 	Datapath_Register_inst_REG_MEM_BLOCK_reg[1][0]  <clk (rise)>  
    bit 34 	Datapath_Register_inst_REG_MEM_BLOCK_reg[1][1]  <clk (rise)>  
    bit 35 	Datapath_Register_inst_REG_MEM_BLOCK_reg[1][2]  <clk (rise)>  
    bit 36 	Datapath_Register_inst_REG_MEM_BLOCK_reg[1][3]  <clk (rise)>  
    bit 37 	Datapath_Register_inst_REG_MEM_BLOCK_reg[1][4]  <clk (rise)>  
    bit 38 	Datapath_Register_inst_REG_MEM_BLOCK_reg[1][5]  <clk (rise)>  
    bit 39 	Datapath_Register_inst_REG_MEM_BLOCK_reg[1][6]  <clk (rise)>  
    bit 40 	Datapath_Register_inst_REG_MEM_BLOCK_reg[1][7]  <clk (rise)>  
    bit 41 	Datapath_Register_inst_REG_MEM_BLOCK_reg[1][8]  <clk (rise)>  
    bit 42 	Datapath_Register_inst_REG_MEM_BLOCK_reg[1][9]  <clk (rise)>  
    bit 43 	Datapath_Register_inst_REG_MEM_BLOCK_reg[1][10]  <clk (rise)>  
    bit 44 	Datapath_Register_inst_REG_MEM_BLOCK_reg[1][11]  <clk (rise)>  
    bit 45 	Datapath_Register_inst_REG_MEM_BLOCK_reg[1][12]  <clk (rise)>  
    bit 46 	Datapath_Register_inst_REG_MEM_BLOCK_reg[1][13]  <clk (rise)>  
    bit 47 	Datapath_Register_inst_REG_MEM_BLOCK_reg[1][14]  <clk (rise)>  
    bit 48 	Datapath_Register_inst_REG_MEM_BLOCK_reg[1][15]  <clk (rise)>  
    bit 49 	Datapath_Register_inst_REG_MEM_BLOCK_reg[1][16]  <clk (rise)>  
    bit 50 	Datapath_Register_inst_REG_MEM_BLOCK_reg[1][17]  <clk (rise)>  
    bit 51 	Datapath_Register_inst_REG_MEM_BLOCK_reg[1][18]  <clk (rise)>  
    bit 52 	Datapath_Register_inst_REG_MEM_BLOCK_reg[1][19]  <clk (rise)>  
    bit 53 	Datapath_Register_inst_REG_MEM_BLOCK_reg[1][20]  <clk (rise)>  
    bit 54 	Datapath_Register_inst_REG_MEM_BLOCK_reg[1][21]  <clk (rise)>  
    bit 55 	Datapath_Register_inst_REG_MEM_BLOCK_reg[1][22]  <clk (rise)>  
    bit 56 	Datapath_Register_inst_REG_MEM_BLOCK_reg[1][23]  <clk (rise)>  
    bit 57 	Datapath_Register_inst_REG_MEM_BLOCK_reg[1][24]  <clk (rise)>  
    bit 58 	Datapath_Register_inst_REG_MEM_BLOCK_reg[1][25]  <clk (rise)>  
    bit 59 	Datapath_Register_inst_REG_MEM_BLOCK_reg[1][26]  <clk (rise)>  
    bit 60 	Datapath_Register_inst_REG_MEM_BLOCK_reg[1][27]  <clk (rise)>  
    bit 61 	Datapath_Register_inst_REG_MEM_BLOCK_reg[1][28]  <clk (rise)>  
    bit 62 	Datapath_Register_inst_REG_MEM_BLOCK_reg[1][29]  <clk (rise)>  
    bit 63 	Datapath_Register_inst_REG_MEM_BLOCK_reg[1][30]  <clk (rise)>  
    bit 64 	Datapath_Register_inst_REG_MEM_BLOCK_reg[1][31]  <clk (rise)>  
    bit 65 	Datapath_Register_inst_REG_MEM_BLOCK_reg[2][0]  <clk (rise)>  
    bit 66 	Datapath_Register_inst_REG_MEM_BLOCK_reg[2][1]  <clk (rise)>  
    bit 67 	Datapath_Register_inst_REG_MEM_BLOCK_reg[2][2]  <clk (rise)>  
    bit 68 	Datapath_Register_inst_REG_MEM_BLOCK_reg[2][3]  <clk (rise)>  
    bit 69 	Datapath_Register_inst_REG_MEM_BLOCK_reg[2][4]  <clk (rise)>  
    bit 70 	Datapath_Register_inst_REG_MEM_BLOCK_reg[2][5]  <clk (rise)>  
    bit 71 	Datapath_Register_inst_REG_MEM_BLOCK_reg[2][6]  <clk (rise)>  
    bit 72 	Datapath_Register_inst_REG_MEM_BLOCK_reg[2][7]  <clk (rise)>  
    bit 73 	Datapath_Register_inst_REG_MEM_BLOCK_reg[2][8]  <clk (rise)>  
    bit 74 	Datapath_Register_inst_REG_MEM_BLOCK_reg[2][9]  <clk (rise)>  
    bit 75 	Datapath_Register_inst_REG_MEM_BLOCK_reg[2][10]  <clk (rise)>  
    bit 76 	Datapath_Register_inst_REG_MEM_BLOCK_reg[2][11]  <clk (rise)>  
    bit 77 	Datapath_Register_inst_REG_MEM_BLOCK_reg[2][12]  <clk (rise)>  
    bit 78 	Datapath_Register_inst_REG_MEM_BLOCK_reg[2][13]  <clk (rise)>  
    bit 79 	Datapath_Register_inst_REG_MEM_BLOCK_reg[2][14]  <clk (rise)>  
    bit 80 	Datapath_Register_inst_REG_MEM_BLOCK_reg[2][15]  <clk (rise)>  
    bit 81 	Datapath_Register_inst_REG_MEM_BLOCK_reg[2][16]  <clk (rise)>  
    bit 82 	Datapath_Register_inst_REG_MEM_BLOCK_reg[2][17]  <clk (rise)>  
    bit 83 	Datapath_Register_inst_REG_MEM_BLOCK_reg[2][18]  <clk (rise)>  
    bit 84 	Datapath_Register_inst_REG_MEM_BLOCK_reg[2][19]  <clk (rise)>  
    bit 85 	Datapath_Register_inst_REG_MEM_BLOCK_reg[2][20]  <clk (rise)>  
    bit 86 	Datapath_Register_inst_REG_MEM_BLOCK_reg[2][21]  <clk (rise)>  
    bit 87 	Datapath_Register_inst_REG_MEM_BLOCK_reg[2][22]  <clk (rise)>  
    bit 88 	Datapath_Register_inst_REG_MEM_BLOCK_reg[2][23]  <clk (rise)>  
    bit 89 	Datapath_Register_inst_REG_MEM_BLOCK_reg[2][24]  <clk (rise)>  
    bit 90 	Datapath_Register_inst_REG_MEM_BLOCK_reg[2][25]  <clk (rise)>  
    bit 91 	Datapath_Register_inst_REG_MEM_BLOCK_reg[2][26]  <clk (rise)>  
    bit 92 	Datapath_Register_inst_REG_MEM_BLOCK_reg[2][27]  <clk (rise)>  
    bit 93 	Datapath_Register_inst_REG_MEM_BLOCK_reg[2][28]  <clk (rise)>  
    bit 94 	Datapath_Register_inst_REG_MEM_BLOCK_reg[2][29]  <clk (rise)>  
    bit 95 	Datapath_Register_inst_REG_MEM_BLOCK_reg[2][30]  <clk (rise)>  
    bit 96 	Datapath_Register_inst_REG_MEM_BLOCK_reg[2][31]  <clk (rise)>  
    bit 97 	Datapath_Register_inst_REG_MEM_BLOCK_reg[3][0]  <clk (rise)>  
    bit 98 	Datapath_Register_inst_REG_MEM_BLOCK_reg[3][1]  <clk (rise)>  
    bit 99 	Datapath_Register_inst_REG_MEM_BLOCK_reg[3][2]  <clk (rise)>  
    bit 100 	Datapath_Register_inst_REG_MEM_BLOCK_reg[3][3]  <clk (rise)>  
    bit 101 	Datapath_Register_inst_REG_MEM_BLOCK_reg[3][4]  <clk (rise)>  
    bit 102 	Datapath_Register_inst_REG_MEM_BLOCK_reg[3][5]  <clk (rise)>  
    bit 103 	Datapath_Register_inst_REG_MEM_BLOCK_reg[3][6]  <clk (rise)>  
    bit 104 	Datapath_Register_inst_REG_MEM_BLOCK_reg[3][7]  <clk (rise)>  
    bit 105 	Datapath_Register_inst_REG_MEM_BLOCK_reg[3][8]  <clk (rise)>  
    bit 106 	Datapath_Register_inst_REG_MEM_BLOCK_reg[3][9]  <clk (rise)>  
    bit 107 	Datapath_Register_inst_REG_MEM_BLOCK_reg[3][10]  <clk (rise)>  
    bit 108 	Datapath_Register_inst_REG_MEM_BLOCK_reg[3][11]  <clk (rise)>  
    bit 109 	Datapath_Register_inst_REG_MEM_BLOCK_reg[3][12]  <clk (rise)>  
    bit 110 	Datapath_Register_inst_REG_MEM_BLOCK_reg[3][13]  <clk (rise)>  
    bit 111 	Datapath_Register_inst_REG_MEM_BLOCK_reg[3][14]  <clk (rise)>  
    bit 112 	Datapath_Register_inst_REG_MEM_BLOCK_reg[3][15]  <clk (rise)>  
    bit 113 	Datapath_Register_inst_REG_MEM_BLOCK_reg[3][16]  <clk (rise)>  
    bit 114 	Datapath_Register_inst_REG_MEM_BLOCK_reg[3][17]  <clk (rise)>  
    bit 115 	Datapath_Register_inst_REG_MEM_BLOCK_reg[3][18]  <clk (rise)>  
    bit 116 	Datapath_Register_inst_REG_MEM_BLOCK_reg[3][19]  <clk (rise)>  
    bit 117 	Datapath_Register_inst_REG_MEM_BLOCK_reg[3][20]  <clk (rise)>  
    bit 118 	Datapath_Register_inst_REG_MEM_BLOCK_reg[3][21]  <clk (rise)>  
    bit 119 	Datapath_Register_inst_REG_MEM_BLOCK_reg[3][22]  <clk (rise)>  
    bit 120 	Datapath_Register_inst_REG_MEM_BLOCK_reg[3][23]  <clk (rise)>  
    bit 121 	Datapath_Register_inst_REG_MEM_BLOCK_reg[3][24]  <clk (rise)>  
    bit 122 	Datapath_Register_inst_REG_MEM_BLOCK_reg[3][25]  <clk (rise)>  
    bit 123 	Datapath_Register_inst_REG_MEM_BLOCK_reg[3][26]  <clk (rise)>  
    bit 124 	Datapath_Register_inst_REG_MEM_BLOCK_reg[3][27]  <clk (rise)>  
    bit 125 	Datapath_Register_inst_REG_MEM_BLOCK_reg[3][28]  <clk (rise)>  
    bit 126 	Datapath_Register_inst_REG_MEM_BLOCK_reg[3][29]  <clk (rise)>  
    bit 127 	Datapath_Register_inst_REG_MEM_BLOCK_reg[3][30]  <clk (rise)>  
    bit 128 	Datapath_Register_inst_REG_MEM_BLOCK_reg[3][31]  <clk (rise)>  
    bit 129 	Datapath_Register_inst_REG_MEM_BLOCK_reg[4][0]  <clk (rise)>  
    bit 130 	Datapath_Register_inst_REG_MEM_BLOCK_reg[4][1]  <clk (rise)>  
    bit 131 	Datapath_Register_inst_REG_MEM_BLOCK_reg[4][2]  <clk (rise)>  
    bit 132 	Datapath_Register_inst_REG_MEM_BLOCK_reg[4][3]  <clk (rise)>  
    bit 133 	Datapath_Register_inst_REG_MEM_BLOCK_reg[4][4]  <clk (rise)>  
    bit 134 	Datapath_Register_inst_REG_MEM_BLOCK_reg[4][5]  <clk (rise)>  
    bit 135 	Datapath_Register_inst_REG_MEM_BLOCK_reg[4][6]  <clk (rise)>  
    bit 136 	Datapath_Register_inst_REG_MEM_BLOCK_reg[4][7]  <clk (rise)>  
    bit 137 	Datapath_Register_inst_REG_MEM_BLOCK_reg[4][8]  <clk (rise)>  
    bit 138 	Datapath_Register_inst_REG_MEM_BLOCK_reg[4][9]  <clk (rise)>  
    bit 139 	Datapath_Register_inst_REG_MEM_BLOCK_reg[4][10]  <clk (rise)>  
    bit 140 	Datapath_Register_inst_REG_MEM_BLOCK_reg[4][11]  <clk (rise)>  
    bit 141 	Datapath_Register_inst_REG_MEM_BLOCK_reg[4][12]  <clk (rise)>  
    bit 142 	Datapath_Register_inst_REG_MEM_BLOCK_reg[4][13]  <clk (rise)>  
    bit 143 	Datapath_Register_inst_REG_MEM_BLOCK_reg[4][14]  <clk (rise)>  
    bit 144 	Datapath_Register_inst_REG_MEM_BLOCK_reg[4][15]  <clk (rise)>  
    bit 145 	Datapath_Register_inst_REG_MEM_BLOCK_reg[4][16]  <clk (rise)>  
    bit 146 	Datapath_Register_inst_REG_MEM_BLOCK_reg[4][17]  <clk (rise)>  
    bit 147 	Datapath_Register_inst_REG_MEM_BLOCK_reg[4][18]  <clk (rise)>  
    bit 148 	Datapath_Register_inst_REG_MEM_BLOCK_reg[4][19]  <clk (rise)>  
    bit 149 	Datapath_Register_inst_REG_MEM_BLOCK_reg[4][20]  <clk (rise)>  
    bit 150 	Datapath_Register_inst_REG_MEM_BLOCK_reg[4][21]  <clk (rise)>  
    bit 151 	Datapath_Register_inst_REG_MEM_BLOCK_reg[4][22]  <clk (rise)>  
    bit 152 	Datapath_Register_inst_REG_MEM_BLOCK_reg[4][23]  <clk (rise)>  
    bit 153 	Datapath_Register_inst_REG_MEM_BLOCK_reg[4][24]  <clk (rise)>  
    bit 154 	Datapath_Register_inst_REG_MEM_BLOCK_reg[4][25]  <clk (rise)>  
    bit 155 	Datapath_Register_inst_REG_MEM_BLOCK_reg[4][26]  <clk (rise)>  
    bit 156 	Datapath_Register_inst_REG_MEM_BLOCK_reg[4][27]  <clk (rise)>  
    bit 157 	Datapath_Register_inst_REG_MEM_BLOCK_reg[4][28]  <clk (rise)>  
    bit 158 	Datapath_Register_inst_REG_MEM_BLOCK_reg[4][29]  <clk (rise)>  
    bit 159 	Datapath_Register_inst_REG_MEM_BLOCK_reg[4][30]  <clk (rise)>  
    bit 160 	Datapath_Register_inst_REG_MEM_BLOCK_reg[4][31]  <clk (rise)>  
    bit 161 	Datapath_Register_inst_REG_MEM_BLOCK_reg[5][0]  <clk (rise)>  
    bit 162 	Datapath_Register_inst_REG_MEM_BLOCK_reg[5][1]  <clk (rise)>  
    bit 163 	Datapath_Register_inst_REG_MEM_BLOCK_reg[5][2]  <clk (rise)>  
    bit 164 	Datapath_Register_inst_REG_MEM_BLOCK_reg[5][3]  <clk (rise)>  
    bit 165 	Datapath_Register_inst_REG_MEM_BLOCK_reg[5][4]  <clk (rise)>  
    bit 166 	Datapath_Register_inst_REG_MEM_BLOCK_reg[5][5]  <clk (rise)>  
    bit 167 	Datapath_Register_inst_REG_MEM_BLOCK_reg[5][6]  <clk (rise)>  
    bit 168 	Datapath_Register_inst_REG_MEM_BLOCK_reg[5][7]  <clk (rise)>  
    bit 169 	Datapath_Register_inst_REG_MEM_BLOCK_reg[5][8]  <clk (rise)>  
    bit 170 	Datapath_Register_inst_REG_MEM_BLOCK_reg[5][9]  <clk (rise)>  
    bit 171 	Datapath_Register_inst_REG_MEM_BLOCK_reg[5][10]  <clk (rise)>  
    bit 172 	Datapath_Register_inst_REG_MEM_BLOCK_reg[5][11]  <clk (rise)>  
    bit 173 	Datapath_Register_inst_REG_MEM_BLOCK_reg[5][12]  <clk (rise)>  
    bit 174 	Datapath_Register_inst_REG_MEM_BLOCK_reg[5][13]  <clk (rise)>  
    bit 175 	Datapath_Register_inst_REG_MEM_BLOCK_reg[5][14]  <clk (rise)>  
    bit 176 	Datapath_Register_inst_REG_MEM_BLOCK_reg[5][15]  <clk (rise)>  
    bit 177 	Datapath_Register_inst_REG_MEM_BLOCK_reg[5][16]  <clk (rise)>  
    bit 178 	Datapath_Register_inst_REG_MEM_BLOCK_reg[5][17]  <clk (rise)>  
    bit 179 	Datapath_Register_inst_REG_MEM_BLOCK_reg[5][18]  <clk (rise)>  
    bit 180 	Datapath_Register_inst_REG_MEM_BLOCK_reg[5][19]  <clk (rise)>  
    bit 181 	Datapath_Register_inst_REG_MEM_BLOCK_reg[5][20]  <clk (rise)>  
    bit 182 	Datapath_Register_inst_REG_MEM_BLOCK_reg[5][21]  <clk (rise)>  
    bit 183 	Datapath_Register_inst_REG_MEM_BLOCK_reg[5][22]  <clk (rise)>  
    bit 184 	Datapath_Register_inst_REG_MEM_BLOCK_reg[5][23]  <clk (rise)>  
    bit 185 	Datapath_Register_inst_REG_MEM_BLOCK_reg[5][24]  <clk (rise)>  
    bit 186 	Datapath_Register_inst_REG_MEM_BLOCK_reg[5][25]  <clk (rise)>  
    bit 187 	Datapath_Register_inst_REG_MEM_BLOCK_reg[5][26]  <clk (rise)>  
    bit 188 	Datapath_Register_inst_REG_MEM_BLOCK_reg[5][27]  <clk (rise)>  
    bit 189 	Datapath_Register_inst_REG_MEM_BLOCK_reg[5][28]  <clk (rise)>  
    bit 190 	Datapath_Register_inst_REG_MEM_BLOCK_reg[5][29]  <clk (rise)>  
    bit 191 	Datapath_Register_inst_REG_MEM_BLOCK_reg[5][30]  <clk (rise)>  
    bit 192 	Datapath_Register_inst_REG_MEM_BLOCK_reg[5][31]  <clk (rise)>  
    bit 193 	Datapath_Register_inst_REG_MEM_BLOCK_reg[6][0]  <clk (rise)>  
    bit 194 	Datapath_Register_inst_REG_MEM_BLOCK_reg[6][1]  <clk (rise)>  
    bit 195 	Datapath_Register_inst_REG_MEM_BLOCK_reg[6][2]  <clk (rise)>  
    bit 196 	Datapath_Register_inst_REG_MEM_BLOCK_reg[6][3]  <clk (rise)>  
    bit 197 	Datapath_Register_inst_REG_MEM_BLOCK_reg[6][4]  <clk (rise)>  
    bit 198 	Datapath_Register_inst_REG_MEM_BLOCK_reg[6][5]  <clk (rise)>  
    bit 199 	Datapath_Register_inst_REG_MEM_BLOCK_reg[6][6]  <clk (rise)>  
    bit 200 	Datapath_Register_inst_REG_MEM_BLOCK_reg[6][7]  <clk (rise)>  
    bit 201 	Datapath_Register_inst_REG_MEM_BLOCK_reg[6][8]  <clk (rise)>  
    bit 202 	Datapath_Register_inst_REG_MEM_BLOCK_reg[6][9]  <clk (rise)>  
    bit 203 	Datapath_Register_inst_REG_MEM_BLOCK_reg[6][10]  <clk (rise)>  
    bit 204 	Datapath_Register_inst_REG_MEM_BLOCK_reg[6][11]  <clk (rise)>  
    bit 205 	Datapath_Register_inst_REG_MEM_BLOCK_reg[6][12]  <clk (rise)>  
    bit 206 	Datapath_Register_inst_REG_MEM_BLOCK_reg[6][13]  <clk (rise)>  
    bit 207 	Datapath_Register_inst_REG_MEM_BLOCK_reg[6][14]  <clk (rise)>  
    bit 208 	Datapath_Register_inst_REG_MEM_BLOCK_reg[6][15]  <clk (rise)>  
    bit 209 	Datapath_Register_inst_REG_MEM_BLOCK_reg[6][16]  <clk (rise)>  
    bit 210 	Datapath_Register_inst_REG_MEM_BLOCK_reg[6][17]  <clk (rise)>  
    bit 211 	Datapath_Register_inst_REG_MEM_BLOCK_reg[6][18]  <clk (rise)>  
    bit 212 	Datapath_Register_inst_REG_MEM_BLOCK_reg[6][19]  <clk (rise)>  
    bit 213 	Datapath_Register_inst_REG_MEM_BLOCK_reg[6][20]  <clk (rise)>  
    bit 214 	Datapath_Register_inst_REG_MEM_BLOCK_reg[6][21]  <clk (rise)>  
    bit 215 	Datapath_Register_inst_REG_MEM_BLOCK_reg[6][22]  <clk (rise)>  
    bit 216 	Datapath_Register_inst_REG_MEM_BLOCK_reg[6][23]  <clk (rise)>  
    bit 217 	Datapath_Register_inst_REG_MEM_BLOCK_reg[6][24]  <clk (rise)>  
    bit 218 	Datapath_Register_inst_REG_MEM_BLOCK_reg[6][25]  <clk (rise)>  
    bit 219 	Datapath_Register_inst_REG_MEM_BLOCK_reg[6][26]  <clk (rise)>  
    bit 220 	Datapath_Register_inst_REG_MEM_BLOCK_reg[6][27]  <clk (rise)>  
    bit 221 	Datapath_Register_inst_REG_MEM_BLOCK_reg[6][28]  <clk (rise)>  
    bit 222 	Datapath_Register_inst_REG_MEM_BLOCK_reg[6][29]  <clk (rise)>  
    bit 223 	Datapath_Register_inst_REG_MEM_BLOCK_reg[6][30]  <clk (rise)>  
    bit 224 	Datapath_Register_inst_REG_MEM_BLOCK_reg[6][31]  <clk (rise)>  
    bit 225 	Datapath_Register_inst_REG_MEM_BLOCK_reg[7][0]  <clk (rise)>  
    bit 226 	Datapath_Register_inst_REG_MEM_BLOCK_reg[7][1]  <clk (rise)>  
    bit 227 	Datapath_Register_inst_REG_MEM_BLOCK_reg[7][2]  <clk (rise)>  
    bit 228 	Datapath_Register_inst_REG_MEM_BLOCK_reg[7][3]  <clk (rise)>  
    bit 229 	Datapath_Register_inst_REG_MEM_BLOCK_reg[7][4]  <clk (rise)>  
    bit 230 	Datapath_Register_inst_REG_MEM_BLOCK_reg[7][5]  <clk (rise)>  
    bit 231 	Datapath_Register_inst_REG_MEM_BLOCK_reg[7][6]  <clk (rise)>  
    bit 232 	Datapath_Register_inst_REG_MEM_BLOCK_reg[7][7]  <clk (rise)>  
    bit 233 	Datapath_Register_inst_REG_MEM_BLOCK_reg[7][8]  <clk (rise)>  
    bit 234 	Datapath_Register_inst_REG_MEM_BLOCK_reg[7][9]  <clk (rise)>  
    bit 235 	Datapath_Register_inst_REG_MEM_BLOCK_reg[7][10]  <clk (rise)>  
    bit 236 	Datapath_Register_inst_REG_MEM_BLOCK_reg[7][11]  <clk (rise)>  
    bit 237 	Datapath_Register_inst_REG_MEM_BLOCK_reg[7][12]  <clk (rise)>  
    bit 238 	Datapath_Register_inst_REG_MEM_BLOCK_reg[7][13]  <clk (rise)>  
    bit 239 	Datapath_Register_inst_REG_MEM_BLOCK_reg[7][14]  <clk (rise)>  
    bit 240 	Datapath_Register_inst_REG_MEM_BLOCK_reg[7][15]  <clk (rise)>  
    bit 241 	Datapath_Register_inst_REG_MEM_BLOCK_reg[7][16]  <clk (rise)>  
    bit 242 	Datapath_Register_inst_REG_MEM_BLOCK_reg[7][17]  <clk (rise)>  
    bit 243 	Datapath_Register_inst_REG_MEM_BLOCK_reg[7][18]  <clk (rise)>  
    bit 244 	Datapath_Register_inst_REG_MEM_BLOCK_reg[7][19]  <clk (rise)>  
    bit 245 	Datapath_Register_inst_REG_MEM_BLOCK_reg[7][20]  <clk (rise)>  
    bit 246 	Datapath_Register_inst_REG_MEM_BLOCK_reg[7][21]  <clk (rise)>  
    bit 247 	Datapath_Register_inst_REG_MEM_BLOCK_reg[7][22]  <clk (rise)>  
    bit 248 	Datapath_Register_inst_REG_MEM_BLOCK_reg[7][23]  <clk (rise)>  
    bit 249 	Datapath_Register_inst_REG_MEM_BLOCK_reg[7][24]  <clk (rise)>  
    bit 250 	Datapath_Register_inst_REG_MEM_BLOCK_reg[7][25]  <clk (rise)>  
    bit 251 	Datapath_Register_inst_REG_MEM_BLOCK_reg[7][26]  <clk (rise)>  
    bit 252 	Datapath_Register_inst_REG_MEM_BLOCK_reg[7][27]  <clk (rise)>  
    bit 253 	Datapath_Register_inst_REG_MEM_BLOCK_reg[7][28]  <clk (rise)>  
    bit 254 	Datapath_Register_inst_REG_MEM_BLOCK_reg[7][29]  <clk (rise)>  
    bit 255 	Datapath_Register_inst_REG_MEM_BLOCK_reg[7][30]  <clk (rise)>  
    bit 256 	Datapath_Register_inst_REG_MEM_BLOCK_reg[7][31]  <clk (rise)>  
    bit 257 	Datapath_Register_inst_REG_MEM_BLOCK_reg[8][0]  <clk (rise)>  
    bit 258 	Datapath_Register_inst_REG_MEM_BLOCK_reg[8][1]  <clk (rise)>  
    bit 259 	Datapath_Register_inst_REG_MEM_BLOCK_reg[8][2]  <clk (rise)>  
    bit 260 	Datapath_Register_inst_REG_MEM_BLOCK_reg[8][3]  <clk (rise)>  
    bit 261 	Datapath_Register_inst_REG_MEM_BLOCK_reg[8][4]  <clk (rise)>  
    bit 262 	Datapath_Register_inst_REG_MEM_BLOCK_reg[8][5]  <clk (rise)>  
    bit 263 	Datapath_Register_inst_REG_MEM_BLOCK_reg[8][6]  <clk (rise)>  
    bit 264 	Datapath_Register_inst_REG_MEM_BLOCK_reg[8][7]  <clk (rise)>  
    bit 265 	Datapath_Register_inst_REG_MEM_BLOCK_reg[8][8]  <clk (rise)>  
    bit 266 	Datapath_Register_inst_REG_MEM_BLOCK_reg[8][9]  <clk (rise)>  
    bit 267 	Datapath_Register_inst_REG_MEM_BLOCK_reg[8][10]  <clk (rise)>  
    bit 268 	Datapath_Register_inst_REG_MEM_BLOCK_reg[8][11]  <clk (rise)>  
    bit 269 	Datapath_Register_inst_REG_MEM_BLOCK_reg[8][12]  <clk (rise)>  
    bit 270 	Datapath_Register_inst_REG_MEM_BLOCK_reg[8][13]  <clk (rise)>  
    bit 271 	Datapath_Register_inst_REG_MEM_BLOCK_reg[8][14]  <clk (rise)>  
    bit 272 	Datapath_Register_inst_REG_MEM_BLOCK_reg[8][15]  <clk (rise)>  
    bit 273 	Datapath_Register_inst_REG_MEM_BLOCK_reg[8][16]  <clk (rise)>  
    bit 274 	Datapath_Register_inst_REG_MEM_BLOCK_reg[8][17]  <clk (rise)>  
    bit 275 	Datapath_Register_inst_REG_MEM_BLOCK_reg[8][18]  <clk (rise)>  
    bit 276 	Datapath_Register_inst_REG_MEM_BLOCK_reg[8][19]  <clk (rise)>  
    bit 277 	Datapath_Register_inst_REG_MEM_BLOCK_reg[8][20]  <clk (rise)>  
    bit 278 	Datapath_Register_inst_REG_MEM_BLOCK_reg[8][21]  <clk (rise)>  
    bit 279 	Datapath_Register_inst_REG_MEM_BLOCK_reg[8][22]  <clk (rise)>  
    bit 280 	Datapath_Register_inst_REG_MEM_BLOCK_reg[8][23]  <clk (rise)>  
    bit 281 	Datapath_Register_inst_REG_MEM_BLOCK_reg[8][24]  <clk (rise)>  
    bit 282 	Datapath_Register_inst_REG_MEM_BLOCK_reg[8][25]  <clk (rise)>  
    bit 283 	Datapath_Register_inst_REG_MEM_BLOCK_reg[8][26]  <clk (rise)>  
    bit 284 	Datapath_Register_inst_REG_MEM_BLOCK_reg[8][27]  <clk (rise)>  
    bit 285 	Datapath_Register_inst_REG_MEM_BLOCK_reg[8][28]  <clk (rise)>  
    bit 286 	Datapath_Register_inst_REG_MEM_BLOCK_reg[8][29]  <clk (rise)>  
    bit 287 	Datapath_Register_inst_REG_MEM_BLOCK_reg[8][30]  <clk (rise)>  
    bit 288 	Datapath_Register_inst_REG_MEM_BLOCK_reg[8][31]  <clk (rise)>  
    bit 289 	Datapath_Register_inst_REG_MEM_BLOCK_reg[9][0]  <clk (rise)>  
    bit 290 	Datapath_Register_inst_REG_MEM_BLOCK_reg[9][1]  <clk (rise)>  
    bit 291 	Datapath_Register_inst_REG_MEM_BLOCK_reg[9][2]  <clk (rise)>  
    bit 292 	Datapath_Register_inst_REG_MEM_BLOCK_reg[9][3]  <clk (rise)>  
    bit 293 	Datapath_Register_inst_REG_MEM_BLOCK_reg[9][4]  <clk (rise)>  
    bit 294 	Datapath_Register_inst_REG_MEM_BLOCK_reg[9][5]  <clk (rise)>  
    bit 295 	Datapath_Register_inst_REG_MEM_BLOCK_reg[9][6]  <clk (rise)>  
    bit 296 	Datapath_Register_inst_REG_MEM_BLOCK_reg[9][7]  <clk (rise)>  
    bit 297 	Datapath_Register_inst_REG_MEM_BLOCK_reg[9][8]  <clk (rise)>  
    bit 298 	Datapath_Register_inst_REG_MEM_BLOCK_reg[9][9]  <clk (rise)>  
    bit 299 	Datapath_Register_inst_REG_MEM_BLOCK_reg[9][10]  <clk (rise)>  
    bit 300 	Datapath_Register_inst_REG_MEM_BLOCK_reg[9][11]  <clk (rise)>  
    bit 301 	Datapath_Register_inst_REG_MEM_BLOCK_reg[9][12]  <clk (rise)>  
    bit 302 	Datapath_Register_inst_REG_MEM_BLOCK_reg[9][13]  <clk (rise)>  
    bit 303 	Datapath_Register_inst_REG_MEM_BLOCK_reg[9][14]  <clk (rise)>  
    bit 304 	Datapath_Register_inst_REG_MEM_BLOCK_reg[9][15]  <clk (rise)>  
    bit 305 	Datapath_Register_inst_REG_MEM_BLOCK_reg[9][16]  <clk (rise)>  
    bit 306 	Datapath_Register_inst_REG_MEM_BLOCK_reg[9][17]  <clk (rise)>  
    bit 307 	Datapath_Register_inst_REG_MEM_BLOCK_reg[9][18]  <clk (rise)>  
    bit 308 	Datapath_Register_inst_REG_MEM_BLOCK_reg[9][19]  <clk (rise)>  
    bit 309 	Datapath_Register_inst_REG_MEM_BLOCK_reg[9][20]  <clk (rise)>  
    bit 310 	Datapath_Register_inst_REG_MEM_BLOCK_reg[9][21]  <clk (rise)>  
    bit 311 	Datapath_Register_inst_REG_MEM_BLOCK_reg[9][22]  <clk (rise)>  
    bit 312 	Datapath_Register_inst_REG_MEM_BLOCK_reg[9][23]  <clk (rise)>  
    bit 313 	Datapath_Register_inst_REG_MEM_BLOCK_reg[9][24]  <clk (rise)>  
    bit 314 	Datapath_Register_inst_REG_MEM_BLOCK_reg[9][25]  <clk (rise)>  
    bit 315 	Datapath_Register_inst_REG_MEM_BLOCK_reg[9][26]  <clk (rise)>  
    bit 316 	Datapath_Register_inst_REG_MEM_BLOCK_reg[9][27]  <clk (rise)>  
    bit 317 	Datapath_Register_inst_REG_MEM_BLOCK_reg[9][28]  <clk (rise)>  
    bit 318 	Datapath_Register_inst_REG_MEM_BLOCK_reg[9][29]  <clk (rise)>  
    bit 319 	Datapath_Register_inst_REG_MEM_BLOCK_reg[9][30]  <clk (rise)>  
    bit 320 	Datapath_Register_inst_REG_MEM_BLOCK_reg[9][31]  <clk (rise)>  
    bit 321 	Datapath_Register_inst_REG_MEM_BLOCK_reg[10][0]  <clk (rise)>  
    bit 322 	Datapath_Register_inst_REG_MEM_BLOCK_reg[10][1]  <clk (rise)>  
    bit 323 	Datapath_Register_inst_REG_MEM_BLOCK_reg[10][2]  <clk (rise)>  
    bit 324 	Datapath_Register_inst_REG_MEM_BLOCK_reg[10][3]  <clk (rise)>  
    bit 325 	Datapath_Register_inst_REG_MEM_BLOCK_reg[10][4]  <clk (rise)>  
    bit 326 	Datapath_Register_inst_REG_MEM_BLOCK_reg[10][5]  <clk (rise)>  
    bit 327 	Datapath_Register_inst_REG_MEM_BLOCK_reg[10][6]  <clk (rise)>  
    bit 328 	Datapath_Register_inst_REG_MEM_BLOCK_reg[10][7]  <clk (rise)>  
    bit 329 	Datapath_Register_inst_REG_MEM_BLOCK_reg[10][8]  <clk (rise)>  
    bit 330 	Datapath_Register_inst_REG_MEM_BLOCK_reg[10][9]  <clk (rise)>  
    bit 331 	Datapath_Register_inst_REG_MEM_BLOCK_reg[10][10]  <clk (rise)>  
    bit 332 	Datapath_Register_inst_REG_MEM_BLOCK_reg[10][11]  <clk (rise)>  
    bit 333 	Datapath_Register_inst_REG_MEM_BLOCK_reg[10][12]  <clk (rise)>  
    bit 334 	Datapath_Register_inst_REG_MEM_BLOCK_reg[10][13]  <clk (rise)>  
    bit 335 	Datapath_Register_inst_REG_MEM_BLOCK_reg[10][14]  <clk (rise)>  
    bit 336 	Datapath_Register_inst_REG_MEM_BLOCK_reg[10][15]  <clk (rise)>  
    bit 337 	Datapath_Register_inst_REG_MEM_BLOCK_reg[10][16]  <clk (rise)>  
    bit 338 	Datapath_Register_inst_REG_MEM_BLOCK_reg[10][17]  <clk (rise)>  
    bit 339 	Datapath_Register_inst_REG_MEM_BLOCK_reg[10][18]  <clk (rise)>  
    bit 340 	Datapath_Register_inst_REG_MEM_BLOCK_reg[10][19]  <clk (rise)>  
    bit 341 	Datapath_Register_inst_REG_MEM_BLOCK_reg[10][20]  <clk (rise)>  
    bit 342 	Datapath_Register_inst_REG_MEM_BLOCK_reg[10][21]  <clk (rise)>  
    bit 343 	Datapath_Register_inst_REG_MEM_BLOCK_reg[10][22]  <clk (rise)>  
    bit 344 	Datapath_Register_inst_REG_MEM_BLOCK_reg[10][23]  <clk (rise)>  
    bit 345 	Datapath_Register_inst_REG_MEM_BLOCK_reg[10][24]  <clk (rise)>  
    bit 346 	Datapath_Register_inst_REG_MEM_BLOCK_reg[10][25]  <clk (rise)>  
    bit 347 	Datapath_Register_inst_REG_MEM_BLOCK_reg[10][26]  <clk (rise)>  
    bit 348 	Datapath_Register_inst_REG_MEM_BLOCK_reg[10][27]  <clk (rise)>  
    bit 349 	Datapath_Register_inst_REG_MEM_BLOCK_reg[10][28]  <clk (rise)>  
    bit 350 	Datapath_Register_inst_REG_MEM_BLOCK_reg[10][29]  <clk (rise)>  
    bit 351 	Datapath_Register_inst_REG_MEM_BLOCK_reg[10][30]  <clk (rise)>  
    bit 352 	Datapath_Register_inst_REG_MEM_BLOCK_reg[10][31]  <clk (rise)>  
    bit 353 	Datapath_Register_inst_REG_MEM_BLOCK_reg[11][0]  <clk (rise)>  
    bit 354 	Datapath_Register_inst_REG_MEM_BLOCK_reg[11][1]  <clk (rise)>  
    bit 355 	Datapath_Register_inst_REG_MEM_BLOCK_reg[11][2]  <clk (rise)>  
    bit 356 	Datapath_Register_inst_REG_MEM_BLOCK_reg[11][3]  <clk (rise)>  
    bit 357 	Datapath_Register_inst_REG_MEM_BLOCK_reg[11][4]  <clk (rise)>  
    bit 358 	Datapath_Register_inst_REG_MEM_BLOCK_reg[11][5]  <clk (rise)>  
    bit 359 	Datapath_Register_inst_REG_MEM_BLOCK_reg[11][6]  <clk (rise)>  
    bit 360 	Datapath_Register_inst_REG_MEM_BLOCK_reg[11][7]  <clk (rise)>  
    bit 361 	Datapath_Register_inst_REG_MEM_BLOCK_reg[11][8]  <clk (rise)>  
    bit 362 	Datapath_Register_inst_REG_MEM_BLOCK_reg[11][9]  <clk (rise)>  
    bit 363 	Datapath_Register_inst_REG_MEM_BLOCK_reg[11][10]  <clk (rise)>  
    bit 364 	Datapath_Register_inst_REG_MEM_BLOCK_reg[11][11]  <clk (rise)>  
    bit 365 	Datapath_Register_inst_REG_MEM_BLOCK_reg[11][12]  <clk (rise)>  
    bit 366 	Datapath_Register_inst_REG_MEM_BLOCK_reg[11][13]  <clk (rise)>  
    bit 367 	Datapath_Register_inst_REG_MEM_BLOCK_reg[11][14]  <clk (rise)>  
    bit 368 	Datapath_Register_inst_REG_MEM_BLOCK_reg[11][15]  <clk (rise)>  
    bit 369 	Datapath_Register_inst_REG_MEM_BLOCK_reg[11][16]  <clk (rise)>  
    bit 370 	Datapath_Register_inst_REG_MEM_BLOCK_reg[11][17]  <clk (rise)>  
    bit 371 	Datapath_Register_inst_REG_MEM_BLOCK_reg[11][18]  <clk (rise)>  
    bit 372 	Datapath_Register_inst_REG_MEM_BLOCK_reg[11][19]  <clk (rise)>  
    bit 373 	Datapath_Register_inst_REG_MEM_BLOCK_reg[11][20]  <clk (rise)>  
    bit 374 	Datapath_Register_inst_REG_MEM_BLOCK_reg[11][21]  <clk (rise)>  
    bit 375 	Datapath_Register_inst_REG_MEM_BLOCK_reg[11][22]  <clk (rise)>  
    bit 376 	Datapath_Register_inst_REG_MEM_BLOCK_reg[11][23]  <clk (rise)>  
    bit 377 	Datapath_Register_inst_REG_MEM_BLOCK_reg[11][24]  <clk (rise)>  
    bit 378 	Datapath_Register_inst_REG_MEM_BLOCK_reg[11][25]  <clk (rise)>  
    bit 379 	Datapath_Register_inst_REG_MEM_BLOCK_reg[11][26]  <clk (rise)>  
    bit 380 	Datapath_Register_inst_REG_MEM_BLOCK_reg[11][27]  <clk (rise)>  
    bit 381 	Datapath_Register_inst_REG_MEM_BLOCK_reg[11][28]  <clk (rise)>  
    bit 382 	Datapath_Register_inst_REG_MEM_BLOCK_reg[11][29]  <clk (rise)>  
    bit 383 	Datapath_Register_inst_REG_MEM_BLOCK_reg[11][30]  <clk (rise)>  
    bit 384 	Datapath_Register_inst_REG_MEM_BLOCK_reg[11][31]  <clk (rise)>  
    bit 385 	Datapath_Register_inst_REG_MEM_BLOCK_reg[12][0]  <clk (rise)>  
    bit 386 	Datapath_Register_inst_REG_MEM_BLOCK_reg[12][1]  <clk (rise)>  
    bit 387 	Datapath_Register_inst_REG_MEM_BLOCK_reg[12][2]  <clk (rise)>  
    bit 388 	Datapath_Register_inst_REG_MEM_BLOCK_reg[12][3]  <clk (rise)>  
    bit 389 	Datapath_Register_inst_REG_MEM_BLOCK_reg[12][4]  <clk (rise)>  
    bit 390 	Datapath_Register_inst_REG_MEM_BLOCK_reg[12][5]  <clk (rise)>  
    bit 391 	Datapath_Register_inst_REG_MEM_BLOCK_reg[12][6]  <clk (rise)>  
    bit 392 	Datapath_Register_inst_REG_MEM_BLOCK_reg[12][7]  <clk (rise)>  
    bit 393 	Datapath_Register_inst_REG_MEM_BLOCK_reg[12][8]  <clk (rise)>  
    bit 394 	Datapath_Register_inst_REG_MEM_BLOCK_reg[12][9]  <clk (rise)>  
    bit 395 	Datapath_Register_inst_REG_MEM_BLOCK_reg[12][10]  <clk (rise)>  
    bit 396 	Datapath_Register_inst_REG_MEM_BLOCK_reg[12][11]  <clk (rise)>  
    bit 397 	Datapath_Register_inst_REG_MEM_BLOCK_reg[12][12]  <clk (rise)>  
    bit 398 	Datapath_Register_inst_REG_MEM_BLOCK_reg[12][13]  <clk (rise)>  
    bit 399 	Datapath_Register_inst_REG_MEM_BLOCK_reg[12][14]  <clk (rise)>  
    bit 400 	Datapath_Register_inst_REG_MEM_BLOCK_reg[12][15]  <clk (rise)>  
    bit 401 	Datapath_Register_inst_REG_MEM_BLOCK_reg[12][16]  <clk (rise)>  
    bit 402 	Datapath_Register_inst_REG_MEM_BLOCK_reg[12][17]  <clk (rise)>  
    bit 403 	Datapath_Register_inst_REG_MEM_BLOCK_reg[12][18]  <clk (rise)>  
    bit 404 	Datapath_Register_inst_REG_MEM_BLOCK_reg[12][19]  <clk (rise)>  
    bit 405 	Datapath_Register_inst_REG_MEM_BLOCK_reg[12][20]  <clk (rise)>  
    bit 406 	Datapath_Register_inst_REG_MEM_BLOCK_reg[12][21]  <clk (rise)>  
    bit 407 	Datapath_Register_inst_REG_MEM_BLOCK_reg[12][22]  <clk (rise)>  
    bit 408 	Datapath_Register_inst_REG_MEM_BLOCK_reg[12][23]  <clk (rise)>  
    bit 409 	Datapath_Register_inst_REG_MEM_BLOCK_reg[12][24]  <clk (rise)>  
    bit 410 	Datapath_Register_inst_REG_MEM_BLOCK_reg[12][25]  <clk (rise)>  
    bit 411 	Datapath_Register_inst_REG_MEM_BLOCK_reg[12][26]  <clk (rise)>  
    bit 412 	Datapath_Register_inst_REG_MEM_BLOCK_reg[12][27]  <clk (rise)>  
    bit 413 	Datapath_Register_inst_REG_MEM_BLOCK_reg[12][28]  <clk (rise)>  
    bit 414 	Datapath_Register_inst_REG_MEM_BLOCK_reg[12][29]  <clk (rise)>  
    bit 415 	Datapath_Register_inst_REG_MEM_BLOCK_reg[12][30]  <clk (rise)>  
    bit 416 	Datapath_Register_inst_REG_MEM_BLOCK_reg[12][31]  <clk (rise)>  
    bit 417 	Datapath_Register_inst_REG_MEM_BLOCK_reg[13][0]  <clk (rise)>  
    bit 418 	Datapath_Register_inst_REG_MEM_BLOCK_reg[13][1]  <clk (rise)>  
    bit 419 	Datapath_Register_inst_REG_MEM_BLOCK_reg[13][2]  <clk (rise)>  
    bit 420 	Datapath_Register_inst_REG_MEM_BLOCK_reg[13][3]  <clk (rise)>  
    bit 421 	Datapath_Register_inst_REG_MEM_BLOCK_reg[13][4]  <clk (rise)>  
    bit 422 	Datapath_Register_inst_REG_MEM_BLOCK_reg[13][5]  <clk (rise)>  
    bit 423 	Datapath_Register_inst_REG_MEM_BLOCK_reg[13][6]  <clk (rise)>  
    bit 424 	Datapath_Register_inst_REG_MEM_BLOCK_reg[13][7]  <clk (rise)>  
    bit 425 	Datapath_Register_inst_REG_MEM_BLOCK_reg[13][8]  <clk (rise)>  
    bit 426 	Datapath_Register_inst_REG_MEM_BLOCK_reg[13][9]  <clk (rise)>  
    bit 427 	Datapath_Register_inst_REG_MEM_BLOCK_reg[13][10]  <clk (rise)>  
    bit 428 	Datapath_Register_inst_REG_MEM_BLOCK_reg[13][11]  <clk (rise)>  
    bit 429 	Datapath_Register_inst_REG_MEM_BLOCK_reg[13][12]  <clk (rise)>  
    bit 430 	Datapath_Register_inst_REG_MEM_BLOCK_reg[13][13]  <clk (rise)>  
    bit 431 	Datapath_Register_inst_REG_MEM_BLOCK_reg[13][14]  <clk (rise)>  
    bit 432 	Datapath_Register_inst_REG_MEM_BLOCK_reg[13][15]  <clk (rise)>  
    bit 433 	Datapath_Register_inst_REG_MEM_BLOCK_reg[13][16]  <clk (rise)>  
    bit 434 	Datapath_Register_inst_REG_MEM_BLOCK_reg[13][17]  <clk (rise)>  
    bit 435 	Datapath_Register_inst_REG_MEM_BLOCK_reg[13][18]  <clk (rise)>  
    bit 436 	Datapath_Register_inst_REG_MEM_BLOCK_reg[13][19]  <clk (rise)>  
    bit 437 	Datapath_Register_inst_REG_MEM_BLOCK_reg[13][20]  <clk (rise)>  
    bit 438 	Datapath_Register_inst_REG_MEM_BLOCK_reg[13][21]  <clk (rise)>  
    bit 439 	Datapath_Register_inst_REG_MEM_BLOCK_reg[13][22]  <clk (rise)>  
    bit 440 	Datapath_Register_inst_REG_MEM_BLOCK_reg[13][23]  <clk (rise)>  
    bit 441 	Datapath_Register_inst_REG_MEM_BLOCK_reg[13][24]  <clk (rise)>  
    bit 442 	Datapath_Register_inst_REG_MEM_BLOCK_reg[13][25]  <clk (rise)>  
    bit 443 	Datapath_Register_inst_REG_MEM_BLOCK_reg[13][26]  <clk (rise)>  
    bit 444 	Datapath_Register_inst_REG_MEM_BLOCK_reg[13][27]  <clk (rise)>  
    bit 445 	Datapath_Register_inst_REG_MEM_BLOCK_reg[13][28]  <clk (rise)>  
    bit 446 	Datapath_Register_inst_REG_MEM_BLOCK_reg[13][29]  <clk (rise)>  
    bit 447 	Datapath_Register_inst_REG_MEM_BLOCK_reg[13][30]  <clk (rise)>  
    bit 448 	Datapath_Register_inst_REG_MEM_BLOCK_reg[13][31]  <clk (rise)>  
    bit 449 	Datapath_Register_inst_REG_MEM_BLOCK_reg[14][0]  <clk (rise)>  
    bit 450 	Datapath_Register_inst_REG_MEM_BLOCK_reg[14][1]  <clk (rise)>  
    bit 451 	Datapath_Register_inst_REG_MEM_BLOCK_reg[14][2]  <clk (rise)>  
    bit 452 	Datapath_Register_inst_REG_MEM_BLOCK_reg[14][3]  <clk (rise)>  
    bit 453 	Datapath_Register_inst_REG_MEM_BLOCK_reg[14][4]  <clk (rise)>  
    bit 454 	Datapath_Register_inst_REG_MEM_BLOCK_reg[14][5]  <clk (rise)>  
    bit 455 	Datapath_Register_inst_REG_MEM_BLOCK_reg[14][6]  <clk (rise)>  
    bit 456 	Datapath_Register_inst_REG_MEM_BLOCK_reg[14][7]  <clk (rise)>  
    bit 457 	Datapath_Register_inst_REG_MEM_BLOCK_reg[14][8]  <clk (rise)>  
    bit 458 	Datapath_Register_inst_REG_MEM_BLOCK_reg[14][9]  <clk (rise)>  
    bit 459 	Datapath_Register_inst_REG_MEM_BLOCK_reg[14][10]  <clk (rise)>  
    bit 460 	Datapath_Register_inst_REG_MEM_BLOCK_reg[14][11]  <clk (rise)>  
    bit 461 	Datapath_Register_inst_REG_MEM_BLOCK_reg[14][12]  <clk (rise)>  
    bit 462 	Datapath_Register_inst_REG_MEM_BLOCK_reg[14][13]  <clk (rise)>  
    bit 463 	Datapath_Register_inst_REG_MEM_BLOCK_reg[14][14]  <clk (rise)>  
    bit 464 	Datapath_Register_inst_REG_MEM_BLOCK_reg[14][15]  <clk (rise)>  
    bit 465 	Datapath_Register_inst_REG_MEM_BLOCK_reg[14][16]  <clk (rise)>  
    bit 466 	Datapath_Register_inst_REG_MEM_BLOCK_reg[14][17]  <clk (rise)>  
    bit 467 	Datapath_Register_inst_REG_MEM_BLOCK_reg[14][18]  <clk (rise)>  
    bit 468 	Datapath_Register_inst_REG_MEM_BLOCK_reg[14][19]  <clk (rise)>  
    bit 469 	Datapath_Register_inst_REG_MEM_BLOCK_reg[14][20]  <clk (rise)>  
    bit 470 	Datapath_Register_inst_REG_MEM_BLOCK_reg[14][21]  <clk (rise)>  
    bit 471 	Datapath_Register_inst_REG_MEM_BLOCK_reg[14][22]  <clk (rise)>  
    bit 472 	Datapath_Register_inst_REG_MEM_BLOCK_reg[14][23]  <clk (rise)>  
    bit 473 	Datapath_Register_inst_REG_MEM_BLOCK_reg[14][24]  <clk (rise)>  
    bit 474 	Datapath_Register_inst_REG_MEM_BLOCK_reg[14][25]  <clk (rise)>  
    bit 475 	Datapath_Register_inst_REG_MEM_BLOCK_reg[14][26]  <clk (rise)>  
    bit 476 	Datapath_Register_inst_REG_MEM_BLOCK_reg[14][27]  <clk (rise)>  
    bit 477 	Datapath_Register_inst_REG_MEM_BLOCK_reg[14][28]  <clk (rise)>  
    bit 478 	Datapath_Register_inst_REG_MEM_BLOCK_reg[14][29]  <clk (rise)>  
    bit 479 	Datapath_Register_inst_REG_MEM_BLOCK_reg[14][30]  <clk (rise)>  
    bit 480 	Datapath_Register_inst_REG_MEM_BLOCK_reg[14][31]  <clk (rise)>  
    bit 481 	Datapath_Register_inst_REG_MEM_BLOCK_reg[15][0]  <clk (rise)>  
    bit 482 	Datapath_Register_inst_REG_MEM_BLOCK_reg[15][1]  <clk (rise)>  
    bit 483 	Datapath_Register_inst_REG_MEM_BLOCK_reg[15][2]  <clk (rise)>  
    bit 484 	Datapath_Register_inst_REG_MEM_BLOCK_reg[15][3]  <clk (rise)>  
    bit 485 	Datapath_Register_inst_REG_MEM_BLOCK_reg[15][4]  <clk (rise)>  
    bit 486 	Datapath_Register_inst_REG_MEM_BLOCK_reg[15][5]  <clk (rise)>  
    bit 487 	Datapath_Register_inst_REG_MEM_BLOCK_reg[15][6]  <clk (rise)>  
    bit 488 	Datapath_Register_inst_REG_MEM_BLOCK_reg[15][7]  <clk (rise)>  
    bit 489 	Datapath_Register_inst_REG_MEM_BLOCK_reg[15][8]  <clk (rise)>  
    bit 490 	Datapath_Register_inst_REG_MEM_BLOCK_reg[15][9]  <clk (rise)>  
    bit 491 	Datapath_Register_inst_REG_MEM_BLOCK_reg[15][10]  <clk (rise)>  
    bit 492 	Datapath_Register_inst_REG_MEM_BLOCK_reg[15][11]  <clk (rise)>  
    bit 493 	Datapath_Register_inst_REG_MEM_BLOCK_reg[15][12]  <clk (rise)>  
    bit 494 	Datapath_Register_inst_REG_MEM_BLOCK_reg[15][13]  <clk (rise)>  
    bit 495 	Datapath_Register_inst_REG_MEM_BLOCK_reg[15][14]  <clk (rise)>  
    bit 496 	Datapath_Register_inst_REG_MEM_BLOCK_reg[15][15]  <clk (rise)>  
    bit 497 	Datapath_Register_inst_REG_MEM_BLOCK_reg[15][16]  <clk (rise)>  
    bit 498 	Datapath_Register_inst_REG_MEM_BLOCK_reg[15][17]  <clk (rise)>  
    bit 499 	Datapath_Register_inst_REG_MEM_BLOCK_reg[15][18]  <clk (rise)>  
    bit 500 	Datapath_Register_inst_REG_MEM_BLOCK_reg[15][19]  <clk (rise)>  
    bit 501 	Datapath_Register_inst_REG_MEM_BLOCK_reg[15][20]  <clk (rise)>  
    bit 502 	Datapath_Register_inst_REG_MEM_BLOCK_reg[15][21]  <clk (rise)>  
    bit 503 	Datapath_Register_inst_REG_MEM_BLOCK_reg[15][22]  <clk (rise)>  
    bit 504 	Datapath_Register_inst_REG_MEM_BLOCK_reg[15][23]  <clk (rise)>  
    bit 505 	Datapath_Register_inst_REG_MEM_BLOCK_reg[15][24]  <clk (rise)>  
    bit 506 	Datapath_Register_inst_REG_MEM_BLOCK_reg[15][25]  <clk (rise)>  
    bit 507 	Datapath_Register_inst_REG_MEM_BLOCK_reg[15][26]  <clk (rise)>  
    bit 508 	Datapath_Register_inst_REG_MEM_BLOCK_reg[15][27]  <clk (rise)>  
    bit 509 	Datapath_Register_inst_REG_MEM_BLOCK_reg[15][28]  <clk (rise)>  
    bit 510 	Datapath_Register_inst_REG_MEM_BLOCK_reg[15][29]  <clk (rise)>  
    bit 511 	Datapath_Register_inst_REG_MEM_BLOCK_reg[15][30]  <clk (rise)>  
    bit 512 	Datapath_Register_inst_REG_MEM_BLOCK_reg[15][31]  <clk (rise)>  
    bit 513 	Datapath_Register_inst_REG_MEM_BLOCK_reg[16][0]  <clk (rise)>  
    bit 514 	Datapath_Register_inst_REG_MEM_BLOCK_reg[16][1]  <clk (rise)>  
    bit 515 	Datapath_Register_inst_REG_MEM_BLOCK_reg[16][2]  <clk (rise)>  
    bit 516 	Datapath_Register_inst_REG_MEM_BLOCK_reg[16][3]  <clk (rise)>  
    bit 517 	Datapath_Register_inst_REG_MEM_BLOCK_reg[16][4]  <clk (rise)>  
    bit 518 	Datapath_Register_inst_REG_MEM_BLOCK_reg[16][5]  <clk (rise)>  
    bit 519 	Datapath_Register_inst_REG_MEM_BLOCK_reg[16][6]  <clk (rise)>  
    bit 520 	Datapath_Register_inst_REG_MEM_BLOCK_reg[16][7]  <clk (rise)>  
    bit 521 	Datapath_Register_inst_REG_MEM_BLOCK_reg[16][8]  <clk (rise)>  
    bit 522 	Datapath_Register_inst_REG_MEM_BLOCK_reg[16][9]  <clk (rise)>  
    bit 523 	Datapath_Register_inst_REG_MEM_BLOCK_reg[16][10]  <clk (rise)>  
    bit 524 	Datapath_Register_inst_REG_MEM_BLOCK_reg[16][11]  <clk (rise)>  
    bit 525 	Datapath_Register_inst_REG_MEM_BLOCK_reg[16][12]  <clk (rise)>  
    bit 526 	Datapath_Register_inst_REG_MEM_BLOCK_reg[16][13]  <clk (rise)>  
    bit 527 	Datapath_Register_inst_REG_MEM_BLOCK_reg[16][14]  <clk (rise)>  
    bit 528 	Datapath_Register_inst_REG_MEM_BLOCK_reg[16][15]  <clk (rise)>  
    bit 529 	Datapath_Register_inst_REG_MEM_BLOCK_reg[16][16]  <clk (rise)>  
    bit 530 	Datapath_Register_inst_REG_MEM_BLOCK_reg[16][17]  <clk (rise)>  
    bit 531 	Datapath_Register_inst_REG_MEM_BLOCK_reg[16][18]  <clk (rise)>  
    bit 532 	Datapath_Register_inst_REG_MEM_BLOCK_reg[16][19]  <clk (rise)>  
    bit 533 	Datapath_Register_inst_REG_MEM_BLOCK_reg[16][20]  <clk (rise)>  
    bit 534 	Datapath_Register_inst_REG_MEM_BLOCK_reg[16][21]  <clk (rise)>  
    bit 535 	Datapath_Register_inst_REG_MEM_BLOCK_reg[16][22]  <clk (rise)>  
    bit 536 	Datapath_Register_inst_REG_MEM_BLOCK_reg[16][23]  <clk (rise)>  
    bit 537 	Datapath_Register_inst_REG_MEM_BLOCK_reg[16][24]  <clk (rise)>  
    bit 538 	Datapath_Register_inst_REG_MEM_BLOCK_reg[16][25]  <clk (rise)>  
    bit 539 	Datapath_Register_inst_REG_MEM_BLOCK_reg[16][26]  <clk (rise)>  
    bit 540 	Datapath_Register_inst_REG_MEM_BLOCK_reg[16][27]  <clk (rise)>  
    bit 541 	Datapath_Register_inst_REG_MEM_BLOCK_reg[16][28]  <clk (rise)>  
    bit 542 	Datapath_Register_inst_REG_MEM_BLOCK_reg[16][29]  <clk (rise)>  
    bit 543 	Datapath_Register_inst_REG_MEM_BLOCK_reg[16][30]  <clk (rise)>  
    bit 544 	Datapath_Register_inst_REG_MEM_BLOCK_reg[16][31]  <clk (rise)>  
    bit 545 	Datapath_Register_inst_REG_MEM_BLOCK_reg[17][0]  <clk (rise)>  
    bit 546 	Datapath_Register_inst_REG_MEM_BLOCK_reg[17][1]  <clk (rise)>  
    bit 547 	Datapath_Register_inst_REG_MEM_BLOCK_reg[17][2]  <clk (rise)>  
    bit 548 	Datapath_Register_inst_REG_MEM_BLOCK_reg[17][3]  <clk (rise)>  
    bit 549 	Datapath_Register_inst_REG_MEM_BLOCK_reg[17][4]  <clk (rise)>  
    bit 550 	Datapath_Register_inst_REG_MEM_BLOCK_reg[17][5]  <clk (rise)>  
    bit 551 	Datapath_Register_inst_REG_MEM_BLOCK_reg[17][6]  <clk (rise)>  
    bit 552 	Datapath_Register_inst_REG_MEM_BLOCK_reg[17][7]  <clk (rise)>  
    bit 553 	Datapath_Register_inst_REG_MEM_BLOCK_reg[17][8]  <clk (rise)>  
    bit 554 	Datapath_Register_inst_REG_MEM_BLOCK_reg[17][9]  <clk (rise)>  
    bit 555 	Datapath_Register_inst_REG_MEM_BLOCK_reg[17][10]  <clk (rise)>  
    bit 556 	Datapath_Register_inst_REG_MEM_BLOCK_reg[17][11]  <clk (rise)>  
    bit 557 	Datapath_Register_inst_REG_MEM_BLOCK_reg[17][12]  <clk (rise)>  
    bit 558 	Datapath_Register_inst_REG_MEM_BLOCK_reg[17][13]  <clk (rise)>  
    bit 559 	Datapath_Register_inst_REG_MEM_BLOCK_reg[17][14]  <clk (rise)>  
    bit 560 	Datapath_Register_inst_REG_MEM_BLOCK_reg[17][15]  <clk (rise)>  
    bit 561 	Datapath_Register_inst_REG_MEM_BLOCK_reg[17][16]  <clk (rise)>  
    bit 562 	Datapath_Register_inst_REG_MEM_BLOCK_reg[17][17]  <clk (rise)>  
    bit 563 	Datapath_Register_inst_REG_MEM_BLOCK_reg[17][18]  <clk (rise)>  
    bit 564 	Datapath_Register_inst_REG_MEM_BLOCK_reg[17][19]  <clk (rise)>  
    bit 565 	Datapath_Register_inst_REG_MEM_BLOCK_reg[17][20]  <clk (rise)>  
    bit 566 	Datapath_Register_inst_REG_MEM_BLOCK_reg[17][21]  <clk (rise)>  
    bit 567 	Datapath_Register_inst_REG_MEM_BLOCK_reg[17][22]  <clk (rise)>  
    bit 568 	Datapath_Register_inst_REG_MEM_BLOCK_reg[17][23]  <clk (rise)>  
    bit 569 	Datapath_Register_inst_REG_MEM_BLOCK_reg[17][24]  <clk (rise)>  
    bit 570 	Datapath_Register_inst_REG_MEM_BLOCK_reg[17][25]  <clk (rise)>  
    bit 571 	Datapath_Register_inst_REG_MEM_BLOCK_reg[17][26]  <clk (rise)>  
    bit 572 	Datapath_Register_inst_REG_MEM_BLOCK_reg[17][27]  <clk (rise)>  
    bit 573 	Datapath_Register_inst_REG_MEM_BLOCK_reg[17][28]  <clk (rise)>  
    bit 574 	Datapath_Register_inst_REG_MEM_BLOCK_reg[17][29]  <clk (rise)>  
    bit 575 	Datapath_Register_inst_REG_MEM_BLOCK_reg[17][30]  <clk (rise)>  
    bit 576 	Datapath_Register_inst_REG_MEM_BLOCK_reg[17][31]  <clk (rise)>  
    bit 577 	Datapath_Register_inst_REG_MEM_BLOCK_reg[18][0]  <clk (rise)>  
    bit 578 	Datapath_Register_inst_REG_MEM_BLOCK_reg[18][1]  <clk (rise)>  
    bit 579 	Datapath_Register_inst_REG_MEM_BLOCK_reg[18][2]  <clk (rise)>  
    bit 580 	Datapath_Register_inst_REG_MEM_BLOCK_reg[18][3]  <clk (rise)>  
    bit 581 	Datapath_Register_inst_REG_MEM_BLOCK_reg[18][4]  <clk (rise)>  
    bit 582 	Datapath_Register_inst_REG_MEM_BLOCK_reg[18][5]  <clk (rise)>  
    bit 583 	Datapath_Register_inst_REG_MEM_BLOCK_reg[18][6]  <clk (rise)>  
    bit 584 	Datapath_Register_inst_REG_MEM_BLOCK_reg[18][7]  <clk (rise)>  
    bit 585 	Datapath_Register_inst_REG_MEM_BLOCK_reg[18][8]  <clk (rise)>  
    bit 586 	Datapath_Register_inst_REG_MEM_BLOCK_reg[18][9]  <clk (rise)>  
    bit 587 	Datapath_Register_inst_REG_MEM_BLOCK_reg[18][10]  <clk (rise)>  
    bit 588 	Datapath_Register_inst_REG_MEM_BLOCK_reg[18][11]  <clk (rise)>  
    bit 589 	Datapath_Register_inst_REG_MEM_BLOCK_reg[18][12]  <clk (rise)>  
    bit 590 	Datapath_Register_inst_REG_MEM_BLOCK_reg[18][13]  <clk (rise)>  
    bit 591 	Datapath_Register_inst_REG_MEM_BLOCK_reg[18][14]  <clk (rise)>  
    bit 592 	Datapath_Register_inst_REG_MEM_BLOCK_reg[18][15]  <clk (rise)>  
    bit 593 	Datapath_Register_inst_REG_MEM_BLOCK_reg[18][16]  <clk (rise)>  
    bit 594 	Datapath_Register_inst_REG_MEM_BLOCK_reg[18][17]  <clk (rise)>  
    bit 595 	Datapath_Register_inst_REG_MEM_BLOCK_reg[18][18]  <clk (rise)>  
    bit 596 	Datapath_Register_inst_REG_MEM_BLOCK_reg[18][19]  <clk (rise)>  
    bit 597 	Datapath_Register_inst_REG_MEM_BLOCK_reg[18][20]  <clk (rise)>  
    bit 598 	Datapath_Register_inst_REG_MEM_BLOCK_reg[18][21]  <clk (rise)>  
    bit 599 	Datapath_Register_inst_REG_MEM_BLOCK_reg[18][22]  <clk (rise)>  
    bit 600 	Datapath_Register_inst_REG_MEM_BLOCK_reg[18][23]  <clk (rise)>  
    bit 601 	Datapath_Register_inst_REG_MEM_BLOCK_reg[18][24]  <clk (rise)>  
    bit 602 	Datapath_Register_inst_REG_MEM_BLOCK_reg[18][25]  <clk (rise)>  
    bit 603 	Datapath_Register_inst_REG_MEM_BLOCK_reg[18][26]  <clk (rise)>  
    bit 604 	Datapath_Register_inst_REG_MEM_BLOCK_reg[18][27]  <clk (rise)>  
    bit 605 	Datapath_Register_inst_REG_MEM_BLOCK_reg[18][28]  <clk (rise)>  
    bit 606 	Datapath_Register_inst_REG_MEM_BLOCK_reg[18][29]  <clk (rise)>  
    bit 607 	Datapath_Register_inst_REG_MEM_BLOCK_reg[18][30]  <clk (rise)>  
    bit 608 	Datapath_Register_inst_REG_MEM_BLOCK_reg[18][31]  <clk (rise)>  
    bit 609 	Datapath_Register_inst_REG_MEM_BLOCK_reg[19][0]  <clk (rise)>  
    bit 610 	Datapath_Register_inst_REG_MEM_BLOCK_reg[19][1]  <clk (rise)>  
    bit 611 	Datapath_Register_inst_REG_MEM_BLOCK_reg[19][2]  <clk (rise)>  
    bit 612 	Datapath_Register_inst_REG_MEM_BLOCK_reg[19][3]  <clk (rise)>  
    bit 613 	Datapath_Register_inst_REG_MEM_BLOCK_reg[19][4]  <clk (rise)>  
    bit 614 	Datapath_Register_inst_REG_MEM_BLOCK_reg[19][5]  <clk (rise)>  
    bit 615 	Datapath_Register_inst_REG_MEM_BLOCK_reg[19][6]  <clk (rise)>  
    bit 616 	Datapath_Register_inst_REG_MEM_BLOCK_reg[19][7]  <clk (rise)>  
    bit 617 	Datapath_Register_inst_REG_MEM_BLOCK_reg[19][8]  <clk (rise)>  
    bit 618 	Datapath_Register_inst_REG_MEM_BLOCK_reg[19][9]  <clk (rise)>  
    bit 619 	Datapath_Register_inst_REG_MEM_BLOCK_reg[19][10]  <clk (rise)>  
    bit 620 	Datapath_Register_inst_REG_MEM_BLOCK_reg[19][11]  <clk (rise)>  
    bit 621 	Datapath_Register_inst_REG_MEM_BLOCK_reg[19][12]  <clk (rise)>  
    bit 622 	Datapath_Register_inst_REG_MEM_BLOCK_reg[19][13]  <clk (rise)>  
    bit 623 	Datapath_Register_inst_REG_MEM_BLOCK_reg[19][14]  <clk (rise)>  
    bit 624 	Datapath_Register_inst_REG_MEM_BLOCK_reg[19][15]  <clk (rise)>  
    bit 625 	Datapath_Register_inst_REG_MEM_BLOCK_reg[19][16]  <clk (rise)>  
    bit 626 	Datapath_Register_inst_REG_MEM_BLOCK_reg[19][17]  <clk (rise)>  
    bit 627 	Datapath_Register_inst_REG_MEM_BLOCK_reg[19][18]  <clk (rise)>  
    bit 628 	Datapath_Register_inst_REG_MEM_BLOCK_reg[19][19]  <clk (rise)>  
    bit 629 	Datapath_Register_inst_REG_MEM_BLOCK_reg[19][20]  <clk (rise)>  
    bit 630 	Datapath_Register_inst_REG_MEM_BLOCK_reg[19][21]  <clk (rise)>  
    bit 631 	Datapath_Register_inst_REG_MEM_BLOCK_reg[19][22]  <clk (rise)>  
    bit 632 	Datapath_Register_inst_REG_MEM_BLOCK_reg[19][23]  <clk (rise)>  
    bit 633 	Datapath_Register_inst_REG_MEM_BLOCK_reg[19][24]  <clk (rise)>  
    bit 634 	Datapath_Register_inst_REG_MEM_BLOCK_reg[19][25]  <clk (rise)>  
    bit 635 	Datapath_Register_inst_REG_MEM_BLOCK_reg[19][26]  <clk (rise)>  
    bit 636 	Datapath_Register_inst_REG_MEM_BLOCK_reg[19][27]  <clk (rise)>  
    bit 637 	Datapath_Register_inst_REG_MEM_BLOCK_reg[19][28]  <clk (rise)>  
    bit 638 	Datapath_Register_inst_REG_MEM_BLOCK_reg[19][29]  <clk (rise)>  
    bit 639 	Datapath_Register_inst_REG_MEM_BLOCK_reg[19][30]  <clk (rise)>  
    bit 640 	Datapath_Register_inst_REG_MEM_BLOCK_reg[19][31]  <clk (rise)>  
    bit 641 	Datapath_Register_inst_REG_MEM_BLOCK_reg[20][0]  <clk (rise)>  
    bit 642 	Datapath_Register_inst_REG_MEM_BLOCK_reg[20][1]  <clk (rise)>  
    bit 643 	Datapath_Register_inst_REG_MEM_BLOCK_reg[20][2]  <clk (rise)>  
    bit 644 	Datapath_Register_inst_REG_MEM_BLOCK_reg[20][3]  <clk (rise)>  
    bit 645 	Datapath_Register_inst_REG_MEM_BLOCK_reg[20][4]  <clk (rise)>  
    bit 646 	Datapath_Register_inst_REG_MEM_BLOCK_reg[20][5]  <clk (rise)>  
    bit 647 	Datapath_Register_inst_REG_MEM_BLOCK_reg[20][6]  <clk (rise)>  
    bit 648 	Datapath_Register_inst_REG_MEM_BLOCK_reg[20][7]  <clk (rise)>  
    bit 649 	Datapath_Register_inst_REG_MEM_BLOCK_reg[20][8]  <clk (rise)>  
    bit 650 	Datapath_Register_inst_REG_MEM_BLOCK_reg[20][9]  <clk (rise)>  
    bit 651 	Datapath_Register_inst_REG_MEM_BLOCK_reg[20][10]  <clk (rise)>  
    bit 652 	Datapath_Register_inst_REG_MEM_BLOCK_reg[20][11]  <clk (rise)>  
    bit 653 	Datapath_Register_inst_REG_MEM_BLOCK_reg[20][12]  <clk (rise)>  
    bit 654 	Datapath_Register_inst_REG_MEM_BLOCK_reg[20][13]  <clk (rise)>  
    bit 655 	Datapath_Register_inst_REG_MEM_BLOCK_reg[20][14]  <clk (rise)>  
    bit 656 	Datapath_Register_inst_REG_MEM_BLOCK_reg[20][15]  <clk (rise)>  
    bit 657 	Datapath_Register_inst_REG_MEM_BLOCK_reg[20][16]  <clk (rise)>  
    bit 658 	Datapath_Register_inst_REG_MEM_BLOCK_reg[20][17]  <clk (rise)>  
    bit 659 	Datapath_Register_inst_REG_MEM_BLOCK_reg[20][18]  <clk (rise)>  
    bit 660 	Datapath_Register_inst_REG_MEM_BLOCK_reg[20][19]  <clk (rise)>  
    bit 661 	Datapath_Register_inst_REG_MEM_BLOCK_reg[20][20]  <clk (rise)>  
    bit 662 	Datapath_Register_inst_REG_MEM_BLOCK_reg[20][21]  <clk (rise)>  
    bit 663 	Datapath_Register_inst_REG_MEM_BLOCK_reg[20][22]  <clk (rise)>  
    bit 664 	Datapath_Register_inst_REG_MEM_BLOCK_reg[20][23]  <clk (rise)>  
    bit 665 	Datapath_Register_inst_REG_MEM_BLOCK_reg[20][24]  <clk (rise)>  
    bit 666 	Datapath_Register_inst_REG_MEM_BLOCK_reg[20][25]  <clk (rise)>  
    bit 667 	Datapath_Register_inst_REG_MEM_BLOCK_reg[20][26]  <clk (rise)>  
    bit 668 	Datapath_Register_inst_REG_MEM_BLOCK_reg[20][27]  <clk (rise)>  
    bit 669 	Datapath_Register_inst_REG_MEM_BLOCK_reg[20][28]  <clk (rise)>  
    bit 670 	Datapath_Register_inst_REG_MEM_BLOCK_reg[20][29]  <clk (rise)>  
    bit 671 	Datapath_Register_inst_REG_MEM_BLOCK_reg[20][30]  <clk (rise)>  
    bit 672 	Datapath_Register_inst_REG_MEM_BLOCK_reg[20][31]  <clk (rise)>  
    bit 673 	Datapath_Register_inst_REG_MEM_BLOCK_reg[21][0]  <clk (rise)>  
    bit 674 	Datapath_Register_inst_REG_MEM_BLOCK_reg[21][1]  <clk (rise)>  
    bit 675 	Datapath_Register_inst_REG_MEM_BLOCK_reg[21][2]  <clk (rise)>  
    bit 676 	Datapath_Register_inst_REG_MEM_BLOCK_reg[21][3]  <clk (rise)>  
    bit 677 	Datapath_Register_inst_REG_MEM_BLOCK_reg[21][4]  <clk (rise)>  
    bit 678 	Datapath_Register_inst_REG_MEM_BLOCK_reg[21][5]  <clk (rise)>  
    bit 679 	Datapath_Register_inst_REG_MEM_BLOCK_reg[21][6]  <clk (rise)>  
    bit 680 	Datapath_Register_inst_REG_MEM_BLOCK_reg[21][7]  <clk (rise)>  
    bit 681 	Datapath_Register_inst_REG_MEM_BLOCK_reg[21][8]  <clk (rise)>  
    bit 682 	Datapath_Register_inst_REG_MEM_BLOCK_reg[21][9]  <clk (rise)>  
    bit 683 	Datapath_Register_inst_REG_MEM_BLOCK_reg[21][10]  <clk (rise)>  
    bit 684 	Datapath_Register_inst_REG_MEM_BLOCK_reg[21][11]  <clk (rise)>  
    bit 685 	Datapath_Register_inst_REG_MEM_BLOCK_reg[21][12]  <clk (rise)>  
    bit 686 	Datapath_Register_inst_REG_MEM_BLOCK_reg[21][13]  <clk (rise)>  
    bit 687 	Datapath_Register_inst_REG_MEM_BLOCK_reg[21][14]  <clk (rise)>  
    bit 688 	Datapath_Register_inst_REG_MEM_BLOCK_reg[21][15]  <clk (rise)>  
    bit 689 	Datapath_Register_inst_REG_MEM_BLOCK_reg[21][16]  <clk (rise)>  
    bit 690 	Datapath_Register_inst_REG_MEM_BLOCK_reg[21][17]  <clk (rise)>  
    bit 691 	Datapath_Register_inst_REG_MEM_BLOCK_reg[21][18]  <clk (rise)>  
    bit 692 	Datapath_Register_inst_REG_MEM_BLOCK_reg[21][19]  <clk (rise)>  
    bit 693 	Datapath_Register_inst_REG_MEM_BLOCK_reg[21][20]  <clk (rise)>  
    bit 694 	Datapath_Register_inst_REG_MEM_BLOCK_reg[21][21]  <clk (rise)>  
    bit 695 	Datapath_Register_inst_REG_MEM_BLOCK_reg[21][22]  <clk (rise)>  
    bit 696 	Datapath_Register_inst_REG_MEM_BLOCK_reg[21][23]  <clk (rise)>  
    bit 697 	Datapath_Register_inst_REG_MEM_BLOCK_reg[21][24]  <clk (rise)>  
    bit 698 	Datapath_Register_inst_REG_MEM_BLOCK_reg[21][25]  <clk (rise)>  
    bit 699 	Datapath_Register_inst_REG_MEM_BLOCK_reg[21][26]  <clk (rise)>  
    bit 700 	Datapath_Register_inst_REG_MEM_BLOCK_reg[21][27]  <clk (rise)>  
    bit 701 	Datapath_Register_inst_REG_MEM_BLOCK_reg[21][28]  <clk (rise)>  
    bit 702 	Datapath_Register_inst_REG_MEM_BLOCK_reg[21][29]  <clk (rise)>  
    bit 703 	Datapath_Register_inst_REG_MEM_BLOCK_reg[21][30]  <clk (rise)>  
    bit 704 	Datapath_Register_inst_REG_MEM_BLOCK_reg[21][31]  <clk (rise)>  
    bit 705 	Datapath_Register_inst_REG_MEM_BLOCK_reg[22][0]  <clk (rise)>  
    bit 706 	Datapath_Register_inst_REG_MEM_BLOCK_reg[22][1]  <clk (rise)>  
    bit 707 	Datapath_Register_inst_REG_MEM_BLOCK_reg[22][2]  <clk (rise)>  
    bit 708 	Datapath_Register_inst_REG_MEM_BLOCK_reg[22][3]  <clk (rise)>  
    bit 709 	Datapath_Register_inst_REG_MEM_BLOCK_reg[22][4]  <clk (rise)>  
    bit 710 	Datapath_Register_inst_REG_MEM_BLOCK_reg[22][5]  <clk (rise)>  
    bit 711 	Datapath_Register_inst_REG_MEM_BLOCK_reg[22][6]  <clk (rise)>  
    bit 712 	Datapath_Register_inst_REG_MEM_BLOCK_reg[22][7]  <clk (rise)>  
    bit 713 	Datapath_Register_inst_REG_MEM_BLOCK_reg[22][8]  <clk (rise)>  
    bit 714 	Datapath_Register_inst_REG_MEM_BLOCK_reg[22][9]  <clk (rise)>  
    bit 715 	Datapath_Register_inst_REG_MEM_BLOCK_reg[22][10]  <clk (rise)>  
    bit 716 	Datapath_Register_inst_REG_MEM_BLOCK_reg[22][11]  <clk (rise)>  
    bit 717 	Datapath_Register_inst_REG_MEM_BLOCK_reg[22][12]  <clk (rise)>  
    bit 718 	Datapath_Register_inst_REG_MEM_BLOCK_reg[22][13]  <clk (rise)>  
    bit 719 	Datapath_Register_inst_REG_MEM_BLOCK_reg[22][14]  <clk (rise)>  
    bit 720 	Datapath_Register_inst_REG_MEM_BLOCK_reg[22][15]  <clk (rise)>  
    bit 721 	Datapath_Register_inst_REG_MEM_BLOCK_reg[22][16]  <clk (rise)>  
    bit 722 	Datapath_Register_inst_REG_MEM_BLOCK_reg[22][17]  <clk (rise)>  
    bit 723 	Datapath_Register_inst_REG_MEM_BLOCK_reg[22][18]  <clk (rise)>  
    bit 724 	Datapath_Register_inst_REG_MEM_BLOCK_reg[22][19]  <clk (rise)>  
    bit 725 	Datapath_Register_inst_REG_MEM_BLOCK_reg[22][20]  <clk (rise)>  
    bit 726 	Datapath_Register_inst_REG_MEM_BLOCK_reg[22][21]  <clk (rise)>  
    bit 727 	Datapath_Register_inst_REG_MEM_BLOCK_reg[22][22]  <clk (rise)>  
    bit 728 	Datapath_Register_inst_REG_MEM_BLOCK_reg[22][23]  <clk (rise)>  
    bit 729 	Datapath_Register_inst_REG_MEM_BLOCK_reg[22][24]  <clk (rise)>  
    bit 730 	Datapath_Register_inst_REG_MEM_BLOCK_reg[22][25]  <clk (rise)>  
    bit 731 	Datapath_Register_inst_REG_MEM_BLOCK_reg[22][26]  <clk (rise)>  
    bit 732 	Datapath_Register_inst_REG_MEM_BLOCK_reg[22][27]  <clk (rise)>  
    bit 733 	Datapath_Register_inst_REG_MEM_BLOCK_reg[22][28]  <clk (rise)>  
    bit 734 	Datapath_Register_inst_REG_MEM_BLOCK_reg[22][29]  <clk (rise)>  
    bit 735 	Datapath_Register_inst_REG_MEM_BLOCK_reg[22][30]  <clk (rise)>  
    bit 736 	Datapath_Register_inst_REG_MEM_BLOCK_reg[22][31]  <clk (rise)>  
    bit 737 	Datapath_Register_inst_REG_MEM_BLOCK_reg[23][0]  <clk (rise)>  
    bit 738 	Datapath_Register_inst_REG_MEM_BLOCK_reg[23][1]  <clk (rise)>  
    bit 739 	Datapath_Register_inst_REG_MEM_BLOCK_reg[23][2]  <clk (rise)>  
    bit 740 	Datapath_Register_inst_REG_MEM_BLOCK_reg[23][3]  <clk (rise)>  
    bit 741 	Datapath_Register_inst_REG_MEM_BLOCK_reg[23][4]  <clk (rise)>  
    bit 742 	Datapath_Register_inst_REG_MEM_BLOCK_reg[23][5]  <clk (rise)>  
    bit 743 	Datapath_Register_inst_REG_MEM_BLOCK_reg[23][6]  <clk (rise)>  
    bit 744 	Datapath_Register_inst_REG_MEM_BLOCK_reg[23][7]  <clk (rise)>  
    bit 745 	Datapath_Register_inst_REG_MEM_BLOCK_reg[23][8]  <clk (rise)>  
    bit 746 	Datapath_Register_inst_REG_MEM_BLOCK_reg[23][9]  <clk (rise)>  
    bit 747 	Datapath_Register_inst_REG_MEM_BLOCK_reg[23][10]  <clk (rise)>  
    bit 748 	Datapath_Register_inst_REG_MEM_BLOCK_reg[23][11]  <clk (rise)>  
    bit 749 	Datapath_Register_inst_REG_MEM_BLOCK_reg[23][12]  <clk (rise)>  
    bit 750 	Datapath_Register_inst_REG_MEM_BLOCK_reg[23][13]  <clk (rise)>  
    bit 751 	Datapath_Register_inst_REG_MEM_BLOCK_reg[23][14]  <clk (rise)>  
    bit 752 	Datapath_Register_inst_REG_MEM_BLOCK_reg[23][15]  <clk (rise)>  
    bit 753 	Datapath_Register_inst_REG_MEM_BLOCK_reg[23][16]  <clk (rise)>  
    bit 754 	Datapath_Register_inst_REG_MEM_BLOCK_reg[23][17]  <clk (rise)>  
    bit 755 	Datapath_Register_inst_REG_MEM_BLOCK_reg[23][18]  <clk (rise)>  
    bit 756 	Datapath_Register_inst_REG_MEM_BLOCK_reg[23][19]  <clk (rise)>  
    bit 757 	Datapath_Register_inst_REG_MEM_BLOCK_reg[23][20]  <clk (rise)>  
    bit 758 	Datapath_Register_inst_REG_MEM_BLOCK_reg[23][21]  <clk (rise)>  
    bit 759 	Datapath_Register_inst_REG_MEM_BLOCK_reg[23][22]  <clk (rise)>  
    bit 760 	Datapath_Register_inst_REG_MEM_BLOCK_reg[23][23]  <clk (rise)>  
    bit 761 	Datapath_Register_inst_REG_MEM_BLOCK_reg[23][24]  <clk (rise)>  
    bit 762 	Datapath_Register_inst_REG_MEM_BLOCK_reg[23][25]  <clk (rise)>  
    bit 763 	Datapath_Register_inst_REG_MEM_BLOCK_reg[23][26]  <clk (rise)>  
    bit 764 	Datapath_Register_inst_REG_MEM_BLOCK_reg[23][27]  <clk (rise)>  
    bit 765 	Datapath_Register_inst_REG_MEM_BLOCK_reg[23][28]  <clk (rise)>  
    bit 766 	Datapath_Register_inst_REG_MEM_BLOCK_reg[23][29]  <clk (rise)>  
    bit 767 	Datapath_Register_inst_REG_MEM_BLOCK_reg[23][30]  <clk (rise)>  
    bit 768 	Datapath_Register_inst_REG_MEM_BLOCK_reg[23][31]  <clk (rise)>  
    bit 769 	Datapath_Register_inst_REG_MEM_BLOCK_reg[24][0]  <clk (rise)>  
    bit 770 	Datapath_Register_inst_REG_MEM_BLOCK_reg[24][1]  <clk (rise)>  
    bit 771 	Datapath_Register_inst_REG_MEM_BLOCK_reg[24][2]  <clk (rise)>  
    bit 772 	Datapath_Register_inst_REG_MEM_BLOCK_reg[24][3]  <clk (rise)>  
    bit 773 	Datapath_Register_inst_REG_MEM_BLOCK_reg[24][4]  <clk (rise)>  
    bit 774 	Datapath_Register_inst_REG_MEM_BLOCK_reg[24][5]  <clk (rise)>  
    bit 775 	Datapath_Register_inst_REG_MEM_BLOCK_reg[24][6]  <clk (rise)>  
    bit 776 	Datapath_Register_inst_REG_MEM_BLOCK_reg[24][7]  <clk (rise)>  
    bit 777 	Datapath_Register_inst_REG_MEM_BLOCK_reg[24][8]  <clk (rise)>  
    bit 778 	Datapath_Register_inst_REG_MEM_BLOCK_reg[24][9]  <clk (rise)>  
    bit 779 	Datapath_Register_inst_REG_MEM_BLOCK_reg[24][10]  <clk (rise)>  
    bit 780 	Datapath_Register_inst_REG_MEM_BLOCK_reg[24][11]  <clk (rise)>  
    bit 781 	Datapath_Register_inst_REG_MEM_BLOCK_reg[24][12]  <clk (rise)>  
    bit 782 	Datapath_Register_inst_REG_MEM_BLOCK_reg[24][13]  <clk (rise)>  
    bit 783 	Datapath_Register_inst_REG_MEM_BLOCK_reg[24][14]  <clk (rise)>  
    bit 784 	Datapath_Register_inst_REG_MEM_BLOCK_reg[24][15]  <clk (rise)>  
    bit 785 	Datapath_Register_inst_REG_MEM_BLOCK_reg[24][16]  <clk (rise)>  
    bit 786 	Datapath_Register_inst_REG_MEM_BLOCK_reg[24][17]  <clk (rise)>  
    bit 787 	Datapath_Register_inst_REG_MEM_BLOCK_reg[24][18]  <clk (rise)>  
    bit 788 	Datapath_Register_inst_REG_MEM_BLOCK_reg[24][19]  <clk (rise)>  
    bit 789 	Datapath_Register_inst_REG_MEM_BLOCK_reg[24][20]  <clk (rise)>  
    bit 790 	Datapath_Register_inst_REG_MEM_BLOCK_reg[24][21]  <clk (rise)>  
    bit 791 	Datapath_Register_inst_REG_MEM_BLOCK_reg[24][22]  <clk (rise)>  
    bit 792 	Datapath_Register_inst_REG_MEM_BLOCK_reg[24][23]  <clk (rise)>  
    bit 793 	Datapath_Register_inst_REG_MEM_BLOCK_reg[24][24]  <clk (rise)>  
    bit 794 	Datapath_Register_inst_REG_MEM_BLOCK_reg[24][25]  <clk (rise)>  
    bit 795 	Datapath_Register_inst_REG_MEM_BLOCK_reg[24][26]  <clk (rise)>  
    bit 796 	Datapath_Register_inst_REG_MEM_BLOCK_reg[24][27]  <clk (rise)>  
    bit 797 	Datapath_Register_inst_REG_MEM_BLOCK_reg[24][28]  <clk (rise)>  
    bit 798 	Datapath_Register_inst_REG_MEM_BLOCK_reg[24][29]  <clk (rise)>  
    bit 799 	Datapath_Register_inst_REG_MEM_BLOCK_reg[24][30]  <clk (rise)>  
    bit 800 	Datapath_Register_inst_REG_MEM_BLOCK_reg[24][31]  <clk (rise)>  
    bit 801 	Datapath_Register_inst_REG_MEM_BLOCK_reg[25][0]  <clk (rise)>  
    bit 802 	Datapath_Register_inst_REG_MEM_BLOCK_reg[25][1]  <clk (rise)>  
    bit 803 	Datapath_Register_inst_REG_MEM_BLOCK_reg[25][2]  <clk (rise)>  
    bit 804 	Datapath_Register_inst_REG_MEM_BLOCK_reg[25][3]  <clk (rise)>  
    bit 805 	Datapath_Register_inst_REG_MEM_BLOCK_reg[25][4]  <clk (rise)>  
    bit 806 	Datapath_Register_inst_REG_MEM_BLOCK_reg[25][5]  <clk (rise)>  
    bit 807 	Datapath_Register_inst_REG_MEM_BLOCK_reg[25][6]  <clk (rise)>  
    bit 808 	Datapath_Register_inst_REG_MEM_BLOCK_reg[25][7]  <clk (rise)>  
    bit 809 	Datapath_Register_inst_REG_MEM_BLOCK_reg[25][8]  <clk (rise)>  
    bit 810 	Datapath_Register_inst_REG_MEM_BLOCK_reg[25][9]  <clk (rise)>  
    bit 811 	Datapath_Register_inst_REG_MEM_BLOCK_reg[25][10]  <clk (rise)>  
    bit 812 	Datapath_Register_inst_REG_MEM_BLOCK_reg[25][11]  <clk (rise)>  
    bit 813 	Datapath_Register_inst_REG_MEM_BLOCK_reg[25][12]  <clk (rise)>  
    bit 814 	Datapath_Register_inst_REG_MEM_BLOCK_reg[25][13]  <clk (rise)>  
    bit 815 	Datapath_Register_inst_REG_MEM_BLOCK_reg[25][14]  <clk (rise)>  
    bit 816 	Datapath_Register_inst_REG_MEM_BLOCK_reg[25][15]  <clk (rise)>  
    bit 817 	Datapath_Register_inst_REG_MEM_BLOCK_reg[25][16]  <clk (rise)>  
    bit 818 	Datapath_Register_inst_REG_MEM_BLOCK_reg[25][17]  <clk (rise)>  
    bit 819 	Datapath_Register_inst_REG_MEM_BLOCK_reg[25][18]  <clk (rise)>  
    bit 820 	Datapath_Register_inst_REG_MEM_BLOCK_reg[25][19]  <clk (rise)>  
    bit 821 	Datapath_Register_inst_REG_MEM_BLOCK_reg[25][20]  <clk (rise)>  
    bit 822 	Datapath_Register_inst_REG_MEM_BLOCK_reg[25][21]  <clk (rise)>  
    bit 823 	Datapath_Register_inst_REG_MEM_BLOCK_reg[25][22]  <clk (rise)>  
    bit 824 	Datapath_Register_inst_REG_MEM_BLOCK_reg[25][23]  <clk (rise)>  
    bit 825 	Datapath_Register_inst_REG_MEM_BLOCK_reg[25][24]  <clk (rise)>  
    bit 826 	Datapath_Register_inst_REG_MEM_BLOCK_reg[25][25]  <clk (rise)>  
    bit 827 	Datapath_Register_inst_REG_MEM_BLOCK_reg[25][26]  <clk (rise)>  
    bit 828 	Datapath_Register_inst_REG_MEM_BLOCK_reg[25][27]  <clk (rise)>  
    bit 829 	Datapath_Register_inst_REG_MEM_BLOCK_reg[25][28]  <clk (rise)>  
    bit 830 	Datapath_Register_inst_REG_MEM_BLOCK_reg[25][29]  <clk (rise)>  
    bit 831 	Datapath_Register_inst_REG_MEM_BLOCK_reg[25][30]  <clk (rise)>  
    bit 832 	Datapath_Register_inst_REG_MEM_BLOCK_reg[25][31]  <clk (rise)>  
    bit 833 	Datapath_Register_inst_REG_MEM_BLOCK_reg[26][0]  <clk (rise)>  
    bit 834 	Datapath_Register_inst_REG_MEM_BLOCK_reg[26][1]  <clk (rise)>  
    bit 835 	Datapath_Register_inst_REG_MEM_BLOCK_reg[26][2]  <clk (rise)>  
    bit 836 	Datapath_Register_inst_REG_MEM_BLOCK_reg[26][3]  <clk (rise)>  
    bit 837 	Datapath_Register_inst_REG_MEM_BLOCK_reg[26][4]  <clk (rise)>  
    bit 838 	Datapath_Register_inst_REG_MEM_BLOCK_reg[26][5]  <clk (rise)>  
    bit 839 	Datapath_Register_inst_REG_MEM_BLOCK_reg[26][6]  <clk (rise)>  
    bit 840 	Datapath_Register_inst_REG_MEM_BLOCK_reg[26][7]  <clk (rise)>  
    bit 841 	Datapath_Register_inst_REG_MEM_BLOCK_reg[26][8]  <clk (rise)>  
    bit 842 	Datapath_Register_inst_REG_MEM_BLOCK_reg[26][9]  <clk (rise)>  
    bit 843 	Datapath_Register_inst_REG_MEM_BLOCK_reg[26][10]  <clk (rise)>  
    bit 844 	Datapath_Register_inst_REG_MEM_BLOCK_reg[26][11]  <clk (rise)>  
    bit 845 	Datapath_Register_inst_REG_MEM_BLOCK_reg[26][12]  <clk (rise)>  
    bit 846 	Datapath_Register_inst_REG_MEM_BLOCK_reg[26][13]  <clk (rise)>  
    bit 847 	Datapath_Register_inst_REG_MEM_BLOCK_reg[26][14]  <clk (rise)>  
    bit 848 	Datapath_Register_inst_REG_MEM_BLOCK_reg[26][15]  <clk (rise)>  
    bit 849 	Datapath_Register_inst_REG_MEM_BLOCK_reg[26][16]  <clk (rise)>  
    bit 850 	Datapath_Register_inst_REG_MEM_BLOCK_reg[26][17]  <clk (rise)>  
    bit 851 	Datapath_Register_inst_REG_MEM_BLOCK_reg[26][18]  <clk (rise)>  
    bit 852 	Datapath_Register_inst_REG_MEM_BLOCK_reg[26][19]  <clk (rise)>  
    bit 853 	Datapath_Register_inst_REG_MEM_BLOCK_reg[26][20]  <clk (rise)>  
    bit 854 	Datapath_Register_inst_REG_MEM_BLOCK_reg[26][21]  <clk (rise)>  
    bit 855 	Datapath_Register_inst_REG_MEM_BLOCK_reg[26][22]  <clk (rise)>  
    bit 856 	Datapath_Register_inst_REG_MEM_BLOCK_reg[26][23]  <clk (rise)>  
    bit 857 	Datapath_Register_inst_REG_MEM_BLOCK_reg[26][24]  <clk (rise)>  
    bit 858 	Datapath_Register_inst_REG_MEM_BLOCK_reg[26][25]  <clk (rise)>  
    bit 859 	Datapath_Register_inst_REG_MEM_BLOCK_reg[26][26]  <clk (rise)>  
    bit 860 	Datapath_Register_inst_REG_MEM_BLOCK_reg[26][27]  <clk (rise)>  
    bit 861 	Datapath_Register_inst_REG_MEM_BLOCK_reg[26][28]  <clk (rise)>  
    bit 862 	Datapath_Register_inst_REG_MEM_BLOCK_reg[26][29]  <clk (rise)>  
    bit 863 	Datapath_Register_inst_REG_MEM_BLOCK_reg[26][30]  <clk (rise)>  
    bit 864 	Datapath_Register_inst_REG_MEM_BLOCK_reg[26][31]  <clk (rise)>  
    bit 865 	Datapath_Register_inst_REG_MEM_BLOCK_reg[27][0]  <clk (rise)>  
    bit 866 	Datapath_Register_inst_REG_MEM_BLOCK_reg[27][1]  <clk (rise)>  
    bit 867 	Datapath_Register_inst_REG_MEM_BLOCK_reg[27][2]  <clk (rise)>  
    bit 868 	Datapath_Register_inst_REG_MEM_BLOCK_reg[27][3]  <clk (rise)>  
    bit 869 	Datapath_Register_inst_REG_MEM_BLOCK_reg[27][4]  <clk (rise)>  
    bit 870 	Datapath_Register_inst_REG_MEM_BLOCK_reg[27][5]  <clk (rise)>  
    bit 871 	Datapath_Register_inst_REG_MEM_BLOCK_reg[27][6]  <clk (rise)>  
    bit 872 	Datapath_Register_inst_REG_MEM_BLOCK_reg[27][7]  <clk (rise)>  
    bit 873 	Datapath_Register_inst_REG_MEM_BLOCK_reg[27][8]  <clk (rise)>  
    bit 874 	Datapath_Register_inst_REG_MEM_BLOCK_reg[27][9]  <clk (rise)>  
    bit 875 	Datapath_Register_inst_REG_MEM_BLOCK_reg[27][10]  <clk (rise)>  
    bit 876 	Datapath_Register_inst_REG_MEM_BLOCK_reg[27][11]  <clk (rise)>  
    bit 877 	Datapath_Register_inst_REG_MEM_BLOCK_reg[27][12]  <clk (rise)>  
    bit 878 	Datapath_Register_inst_REG_MEM_BLOCK_reg[27][13]  <clk (rise)>  
    bit 879 	Datapath_Register_inst_REG_MEM_BLOCK_reg[27][14]  <clk (rise)>  
    bit 880 	Datapath_Register_inst_REG_MEM_BLOCK_reg[27][15]  <clk (rise)>  
    bit 881 	Datapath_Register_inst_REG_MEM_BLOCK_reg[27][16]  <clk (rise)>  
    bit 882 	Datapath_Register_inst_REG_MEM_BLOCK_reg[27][17]  <clk (rise)>  
    bit 883 	Datapath_Register_inst_REG_MEM_BLOCK_reg[27][18]  <clk (rise)>  
    bit 884 	Datapath_Register_inst_REG_MEM_BLOCK_reg[27][19]  <clk (rise)>  
    bit 885 	Datapath_Register_inst_REG_MEM_BLOCK_reg[27][20]  <clk (rise)>  
    bit 886 	Datapath_Register_inst_REG_MEM_BLOCK_reg[27][21]  <clk (rise)>  
    bit 887 	Datapath_Register_inst_REG_MEM_BLOCK_reg[27][22]  <clk (rise)>  
    bit 888 	Datapath_Register_inst_REG_MEM_BLOCK_reg[27][23]  <clk (rise)>  
    bit 889 	Datapath_Register_inst_REG_MEM_BLOCK_reg[27][24]  <clk (rise)>  
    bit 890 	Datapath_Register_inst_REG_MEM_BLOCK_reg[27][25]  <clk (rise)>  
    bit 891 	Datapath_Register_inst_REG_MEM_BLOCK_reg[27][26]  <clk (rise)>  
    bit 892 	Datapath_Register_inst_REG_MEM_BLOCK_reg[27][27]  <clk (rise)>  
    bit 893 	Datapath_Register_inst_REG_MEM_BLOCK_reg[27][28]  <clk (rise)>  
    bit 894 	Datapath_Register_inst_REG_MEM_BLOCK_reg[27][29]  <clk (rise)>  
    bit 895 	Datapath_Register_inst_REG_MEM_BLOCK_reg[27][30]  <clk (rise)>  
    bit 896 	Datapath_Register_inst_REG_MEM_BLOCK_reg[27][31]  <clk (rise)>  
    bit 897 	Datapath_Register_inst_REG_MEM_BLOCK_reg[28][0]  <clk (rise)>  
    bit 898 	Datapath_Register_inst_REG_MEM_BLOCK_reg[28][1]  <clk (rise)>  
    bit 899 	Datapath_Register_inst_REG_MEM_BLOCK_reg[28][2]  <clk (rise)>  
    bit 900 	Datapath_Register_inst_REG_MEM_BLOCK_reg[28][3]  <clk (rise)>  
    bit 901 	Datapath_Register_inst_REG_MEM_BLOCK_reg[28][4]  <clk (rise)>  
    bit 902 	Datapath_Register_inst_REG_MEM_BLOCK_reg[28][5]  <clk (rise)>  
    bit 903 	Datapath_Register_inst_REG_MEM_BLOCK_reg[28][6]  <clk (rise)>  
    bit 904 	Datapath_Register_inst_REG_MEM_BLOCK_reg[28][7]  <clk (rise)>  
    bit 905 	Datapath_Register_inst_REG_MEM_BLOCK_reg[28][8]  <clk (rise)>  
    bit 906 	Datapath_Register_inst_REG_MEM_BLOCK_reg[28][9]  <clk (rise)>  
    bit 907 	Datapath_Register_inst_REG_MEM_BLOCK_reg[28][10]  <clk (rise)>  
    bit 908 	Datapath_Register_inst_REG_MEM_BLOCK_reg[28][11]  <clk (rise)>  
    bit 909 	Datapath_Register_inst_REG_MEM_BLOCK_reg[28][12]  <clk (rise)>  
    bit 910 	Datapath_Register_inst_REG_MEM_BLOCK_reg[28][13]  <clk (rise)>  
    bit 911 	Datapath_Register_inst_REG_MEM_BLOCK_reg[28][14]  <clk (rise)>  
    bit 912 	Datapath_Register_inst_REG_MEM_BLOCK_reg[28][15]  <clk (rise)>  
    bit 913 	Datapath_Register_inst_REG_MEM_BLOCK_reg[28][16]  <clk (rise)>  
    bit 914 	Datapath_Register_inst_REG_MEM_BLOCK_reg[28][17]  <clk (rise)>  
    bit 915 	Datapath_Register_inst_REG_MEM_BLOCK_reg[28][18]  <clk (rise)>  
    bit 916 	Datapath_Register_inst_REG_MEM_BLOCK_reg[28][19]  <clk (rise)>  
    bit 917 	Datapath_Register_inst_REG_MEM_BLOCK_reg[28][20]  <clk (rise)>  
    bit 918 	Datapath_Register_inst_REG_MEM_BLOCK_reg[28][21]  <clk (rise)>  
    bit 919 	Datapath_Register_inst_REG_MEM_BLOCK_reg[28][22]  <clk (rise)>  
    bit 920 	Datapath_Register_inst_REG_MEM_BLOCK_reg[28][23]  <clk (rise)>  
    bit 921 	Datapath_Register_inst_REG_MEM_BLOCK_reg[28][24]  <clk (rise)>  
    bit 922 	Datapath_Register_inst_REG_MEM_BLOCK_reg[28][25]  <clk (rise)>  
    bit 923 	Datapath_Register_inst_REG_MEM_BLOCK_reg[28][26]  <clk (rise)>  
    bit 924 	Datapath_Register_inst_REG_MEM_BLOCK_reg[28][27]  <clk (rise)>  
    bit 925 	Datapath_Register_inst_REG_MEM_BLOCK_reg[28][28]  <clk (rise)>  
    bit 926 	Datapath_Register_inst_REG_MEM_BLOCK_reg[28][29]  <clk (rise)>  
    bit 927 	Datapath_Register_inst_REG_MEM_BLOCK_reg[28][30]  <clk (rise)>  
    bit 928 	Datapath_Register_inst_REG_MEM_BLOCK_reg[28][31]  <clk (rise)>  
    bit 929 	Datapath_Register_inst_REG_MEM_BLOCK_reg[29][0]  <clk (rise)>  
    bit 930 	Datapath_Register_inst_REG_MEM_BLOCK_reg[29][1]  <clk (rise)>  
    bit 931 	Datapath_Register_inst_REG_MEM_BLOCK_reg[29][2]  <clk (rise)>  
    bit 932 	Datapath_Register_inst_REG_MEM_BLOCK_reg[29][3]  <clk (rise)>  
    bit 933 	Datapath_Register_inst_REG_MEM_BLOCK_reg[29][4]  <clk (rise)>  
    bit 934 	Datapath_Register_inst_REG_MEM_BLOCK_reg[29][5]  <clk (rise)>  
    bit 935 	Datapath_Register_inst_REG_MEM_BLOCK_reg[29][6]  <clk (rise)>  
    bit 936 	Datapath_Register_inst_REG_MEM_BLOCK_reg[29][7]  <clk (rise)>  
    bit 937 	Datapath_Register_inst_REG_MEM_BLOCK_reg[29][8]  <clk (rise)>  
    bit 938 	Datapath_Register_inst_REG_MEM_BLOCK_reg[29][9]  <clk (rise)>  
    bit 939 	Datapath_Register_inst_REG_MEM_BLOCK_reg[29][10]  <clk (rise)>  
    bit 940 	Datapath_Register_inst_REG_MEM_BLOCK_reg[29][11]  <clk (rise)>  
    bit 941 	Datapath_Register_inst_REG_MEM_BLOCK_reg[29][12]  <clk (rise)>  
    bit 942 	Datapath_Register_inst_REG_MEM_BLOCK_reg[29][13]  <clk (rise)>  
    bit 943 	Datapath_Register_inst_REG_MEM_BLOCK_reg[29][14]  <clk (rise)>  
    bit 944 	Datapath_Register_inst_REG_MEM_BLOCK_reg[29][15]  <clk (rise)>  
    bit 945 	Datapath_Register_inst_REG_MEM_BLOCK_reg[29][16]  <clk (rise)>  
    bit 946 	Datapath_Register_inst_REG_MEM_BLOCK_reg[29][17]  <clk (rise)>  
    bit 947 	Datapath_Register_inst_REG_MEM_BLOCK_reg[29][18]  <clk (rise)>  
    bit 948 	Datapath_Register_inst_REG_MEM_BLOCK_reg[29][19]  <clk (rise)>  
    bit 949 	Datapath_Register_inst_REG_MEM_BLOCK_reg[29][20]  <clk (rise)>  
    bit 950 	Datapath_Register_inst_REG_MEM_BLOCK_reg[29][21]  <clk (rise)>  
    bit 951 	Datapath_Register_inst_REG_MEM_BLOCK_reg[29][22]  <clk (rise)>  
    bit 952 	Datapath_Register_inst_REG_MEM_BLOCK_reg[29][23]  <clk (rise)>  
    bit 953 	Datapath_Register_inst_REG_MEM_BLOCK_reg[29][24]  <clk (rise)>  
    bit 954 	Datapath_Register_inst_REG_MEM_BLOCK_reg[29][25]  <clk (rise)>  
    bit 955 	Datapath_Register_inst_REG_MEM_BLOCK_reg[29][26]  <clk (rise)>  
    bit 956 	Datapath_Register_inst_REG_MEM_BLOCK_reg[29][27]  <clk (rise)>  
    bit 957 	Datapath_Register_inst_REG_MEM_BLOCK_reg[29][28]  <clk (rise)>  
    bit 958 	Datapath_Register_inst_REG_MEM_BLOCK_reg[29][29]  <clk (rise)>  
    bit 959 	Datapath_Register_inst_REG_MEM_BLOCK_reg[29][30]  <clk (rise)>  
    bit 960 	Datapath_Register_inst_REG_MEM_BLOCK_reg[29][31]  <clk (rise)>  
    bit 961 	Datapath_Register_inst_REG_MEM_BLOCK_reg[30][0]  <clk (rise)>  
    bit 962 	Datapath_Register_inst_REG_MEM_BLOCK_reg[30][1]  <clk (rise)>  
    bit 963 	Datapath_Register_inst_REG_MEM_BLOCK_reg[30][2]  <clk (rise)>  
    bit 964 	Datapath_Register_inst_REG_MEM_BLOCK_reg[30][3]  <clk (rise)>  
    bit 965 	Datapath_Register_inst_REG_MEM_BLOCK_reg[30][4]  <clk (rise)>  
    bit 966 	Datapath_Register_inst_REG_MEM_BLOCK_reg[30][5]  <clk (rise)>  
    bit 967 	Datapath_Register_inst_REG_MEM_BLOCK_reg[30][6]  <clk (rise)>  
    bit 968 	Datapath_Register_inst_REG_MEM_BLOCK_reg[30][7]  <clk (rise)>  
    bit 969 	Datapath_Register_inst_REG_MEM_BLOCK_reg[30][8]  <clk (rise)>  
    bit 970 	Datapath_Register_inst_REG_MEM_BLOCK_reg[30][9]  <clk (rise)>  
    bit 971 	Datapath_Register_inst_REG_MEM_BLOCK_reg[30][10]  <clk (rise)>  
    bit 972 	Datapath_Register_inst_REG_MEM_BLOCK_reg[30][11]  <clk (rise)>  
    bit 973 	Datapath_Register_inst_REG_MEM_BLOCK_reg[30][12]  <clk (rise)>  
    bit 974 	Datapath_Register_inst_REG_MEM_BLOCK_reg[30][13]  <clk (rise)>  
    bit 975 	Datapath_Register_inst_REG_MEM_BLOCK_reg[30][14]  <clk (rise)>  
    bit 976 	Datapath_Register_inst_REG_MEM_BLOCK_reg[30][15]  <clk (rise)>  
    bit 977 	Datapath_Register_inst_REG_MEM_BLOCK_reg[30][16]  <clk (rise)>  
    bit 978 	Datapath_Register_inst_REG_MEM_BLOCK_reg[30][17]  <clk (rise)>  
    bit 979 	Datapath_Register_inst_REG_MEM_BLOCK_reg[30][18]  <clk (rise)>  
    bit 980 	Datapath_Register_inst_REG_MEM_BLOCK_reg[30][19]  <clk (rise)>  
    bit 981 	Datapath_Register_inst_REG_MEM_BLOCK_reg[30][20]  <clk (rise)>  
    bit 982 	Datapath_Register_inst_REG_MEM_BLOCK_reg[30][21]  <clk (rise)>  
    bit 983 	Datapath_Register_inst_REG_MEM_BLOCK_reg[30][22]  <clk (rise)>  
    bit 984 	Datapath_Register_inst_REG_MEM_BLOCK_reg[30][23]  <clk (rise)>  
    bit 985 	Datapath_Register_inst_REG_MEM_BLOCK_reg[30][24]  <clk (rise)>  
    bit 986 	Datapath_Register_inst_REG_MEM_BLOCK_reg[30][25]  <clk (rise)>  
    bit 987 	Datapath_Register_inst_REG_MEM_BLOCK_reg[30][26]  <clk (rise)>  
    bit 988 	Datapath_Register_inst_REG_MEM_BLOCK_reg[30][27]  <clk (rise)>  
    bit 989 	Datapath_Register_inst_REG_MEM_BLOCK_reg[30][28]  <clk (rise)>  
    bit 990 	Datapath_Register_inst_REG_MEM_BLOCK_reg[30][29]  <clk (rise)>  
    bit 991 	Datapath_Register_inst_REG_MEM_BLOCK_reg[30][30]  <clk (rise)>  
    bit 992 	Datapath_Register_inst_REG_MEM_BLOCK_reg[30][31]  <clk (rise)>  
    bit 993 	Datapath_Register_inst_REG_MEM_BLOCK_reg[31][0]  <clk (rise)>  
    bit 994 	Datapath_Register_inst_REG_MEM_BLOCK_reg[31][1]  <clk (rise)>  
    bit 995 	Datapath_Register_inst_REG_MEM_BLOCK_reg[31][2]  <clk (rise)>  
    bit 996 	Datapath_Register_inst_REG_MEM_BLOCK_reg[31][3]  <clk (rise)>  
    bit 997 	Datapath_Register_inst_REG_MEM_BLOCK_reg[31][4]  <clk (rise)>  
    bit 998 	Datapath_Register_inst_REG_MEM_BLOCK_reg[31][5]  <clk (rise)>  
    bit 999 	Datapath_Register_inst_REG_MEM_BLOCK_reg[31][6]  <clk (rise)>  
    bit 1000 	Datapath_Register_inst_REG_MEM_BLOCK_reg[31][7]  <clk (rise)>  
    bit 1001 	Datapath_Register_inst_REG_MEM_BLOCK_reg[31][8]  <clk (rise)>  
    bit 1002 	Datapath_Register_inst_REG_MEM_BLOCK_reg[31][9]  <clk (rise)>  
    bit 1003 	Datapath_Register_inst_REG_MEM_BLOCK_reg[31][10]  <clk (rise)>  
    bit 1004 	Datapath_Register_inst_REG_MEM_BLOCK_reg[31][11]  <clk (rise)>  
    bit 1005 	Datapath_Register_inst_REG_MEM_BLOCK_reg[31][12]  <clk (rise)>  
    bit 1006 	Datapath_Register_inst_REG_MEM_BLOCK_reg[31][13]  <clk (rise)>  
    bit 1007 	Datapath_Register_inst_REG_MEM_BLOCK_reg[31][14]  <clk (rise)>  
    bit 1008 	Datapath_Register_inst_REG_MEM_BLOCK_reg[31][15]  <clk (rise)>  
    bit 1009 	Datapath_Register_inst_REG_MEM_BLOCK_reg[31][16]  <clk (rise)>  
    bit 1010 	Datapath_Register_inst_REG_MEM_BLOCK_reg[31][17]  <clk (rise)>  
    bit 1011 	Datapath_Register_inst_REG_MEM_BLOCK_reg[31][18]  <clk (rise)>  
    bit 1012 	Datapath_Register_inst_REG_MEM_BLOCK_reg[31][19]  <clk (rise)>  
    bit 1013 	Datapath_Register_inst_REG_MEM_BLOCK_reg[31][20]  <clk (rise)>  
    bit 1014 	Datapath_Register_inst_REG_MEM_BLOCK_reg[31][21]  <clk (rise)>  
    bit 1015 	Datapath_Register_inst_REG_MEM_BLOCK_reg[31][22]  <clk (rise)>  
    bit 1016 	Datapath_Register_inst_REG_MEM_BLOCK_reg[31][23]  <clk (rise)>  
    bit 1017 	Datapath_Register_inst_REG_MEM_BLOCK_reg[31][24]  <clk (rise)>  
    bit 1018 	Datapath_Register_inst_REG_MEM_BLOCK_reg[31][25]  <clk (rise)>  
    bit 1019 	Datapath_Register_inst_REG_MEM_BLOCK_reg[31][26]  <clk (rise)>  
    bit 1020 	Datapath_Register_inst_REG_MEM_BLOCK_reg[31][27]  <clk (rise)>  
    bit 1021 	Datapath_Register_inst_REG_MEM_BLOCK_reg[31][28]  <clk (rise)>  
    bit 1022 	Datapath_Register_inst_REG_MEM_BLOCK_reg[31][29]  <clk (rise)>  
    bit 1023 	Datapath_Register_inst_REG_MEM_BLOCK_reg[31][30]  <clk (rise)>  
    bit 1024 	Datapath_Register_inst_REG_MEM_BLOCK_reg[31][31]  <clk (rise)>  
------------------------

