###############################################################
#  Generated by:      Cadence Innovus 21.15-s110_1
#  OS:                Linux x86_64(Host ID A17)
#  Generated on:      Sun May  3 04:34:26 2026
#  Design:            Single_Cycle_Top
#  Command:           checkPinAssignment
###############################################################

Start Checking pins of top cell: [Single_Cycle_Top] 
Summary report for top level: [Single_Cycle_Top] 
	Total Pins                         : 163
	Legally Assigned Pins              : 163
End of Summary report
End Checking pins of top cell: [Single_Cycle_Top] 


==================================================================================================================================
                                                    checkPinAssignment Summary
==================================================================================================================================
Partition          | pads  | pins   | legal  | illegal | internal | internal illegal | FT     | FT illegal | constant | unplaced |
==================================================================================================================================
Single_Cycle_Top   |     0 |    163 |    163 |       0 |        0 |                0 |      0 |          0 |        0 |        0 |
==================================================================================================================================
TOTAL              |     0 |    163 |    163 |       0 |        0 |                0 |      0 |          0 |        0 |        0 |
==================================================================================================================================
