xrun(64): 22.09-s003: (c) Copyright 1995-2022 Cadence Design Systems, Inc.
TOOL:	xrun(64)	22.09-s003: Started on May 02, 2026 at 01:17:25 EDT
xrun
	../Golden_Design_RTL/ALU_decoder.v
	../Golden_Design_RTL/ALU_Mux.v
	../Golden_Design_RTL/ALU.v
	../Golden_Design_RTL/Control_Unit.v
	../Golden_Design_RTL/Core_Datapath.v
	../Golden_Design_RTL/Data_Memory.v
	../Golden_Design_RTL/Extend.v
	../Golden_Design_RTL/Instruction_Memory.v
	../Golden_Design_RTL/Main_Decoder.v
	../Golden_Design_RTL/PC_Mux.v
	../Golden_Design_RTL/PC_Plus_4.v
	../Golden_Design_RTL/PC_Target.v
	../Golden_Design_RTL/PC.v
	../Golden_Design_RTL/Register_File.v
	../Golden_Design_RTL/Result_Mux.v
	../Golden_Design_RTL/Single_Cycle_Core.v
	../Golden_Design_RTL/Single_Cycle_Top.v
	tb_Single_Cycle_Top.v
	-access +rwc
	-gui
	-timescale 1ns/1ps
file: ../Golden_Design_RTL/ALU_decoder.v
	module worklib.ALU_Decoder:v
		errors: 0, warnings: 0
file: ../Golden_Design_RTL/ALU_Mux.v
	module worklib.ALU_Mux:v
		errors: 0, warnings: 0
file: ../Golden_Design_RTL/ALU.v
	module worklib.ALU:v
		errors: 0, warnings: 0
file: ../Golden_Design_RTL/Control_Unit.v
	module worklib.Control_Unit:v
		errors: 0, warnings: 0
file: ../Golden_Design_RTL/Core_Datapath.v
	module worklib.Core_Datapath:v
		errors: 0, warnings: 0
file: ../Golden_Design_RTL/Data_Memory.v
	module worklib.Data_Memory:v
		errors: 0, warnings: 0
file: ../Golden_Design_RTL/Extend.v
	module worklib.Extend:v
		errors: 0, warnings: 0
file: ../Golden_Design_RTL/Instruction_Memory.v
	module worklib.Instruction_Memory:v
		errors: 0, warnings: 0
file: ../Golden_Design_RTL/Main_Decoder.v
	module worklib.Main_Decoder:v
		errors: 0, warnings: 0
file: ../Golden_Design_RTL/PC_Mux.v
	module worklib.PC_Mux:v
		errors: 0, warnings: 0
file: ../Golden_Design_RTL/PC_Plus_4.v
	module worklib.PC_Plus_4:v
		errors: 0, warnings: 0
file: ../Golden_Design_RTL/PC_Target.v
	module worklib.PC_Target:v
		errors: 0, warnings: 0
file: ../Golden_Design_RTL/PC.v
	module worklib.PC:v
		errors: 0, warnings: 0
file: ../Golden_Design_RTL/Register_File.v
	module worklib.Register_File:v
		errors: 0, warnings: 0
file: ../Golden_Design_RTL/Result_Mux.v
	module worklib.Result_Mux:v
		errors: 0, warnings: 0
file: ../Golden_Design_RTL/Single_Cycle_Core.v
	module worklib.Single_Cycle_Core:v
		errors: 0, warnings: 0
file: ../Golden_Design_RTL/Single_Cycle_Top.v
	module worklib.Single_Cycle_Top:v
		errors: 0, warnings: 0
file: tb_Single_Cycle_Top.v
	module worklib.tb_Single_Cycle_Top:v
		errors: 0, warnings: 0
		Caching library 'worklib' ....... Done
	Elaborating the design hierarchy:
	Top level design units:
		tb_Single_Cycle_Top
			      .ResultSrc(ResultSrc),
			                         |
xmelab: *W,CUVMPW (../Golden_Design_RTL/Core_Datapath.v,82|28): port sizes differ in port connection(2/32) for the instance(tb_Single_Cycle_Top.dut.core_top.Datapath) .
	Building instance overlay tables: .................... Done
	Generating native compiled code:
		worklib.Data_Memory:v <0x19558ea6>
			streams:   4, words:  1626
		worklib.Instruction_Memory:v <0x7cf7c247>
			streams:   2, words:  3784
		worklib.Result_Mux:v <0x17c6d622>
			streams:   2, words:   576
		worklib.ALU:v <0x0c0d7f07>
			streams:   7, words:  3647
		worklib.ALU_Mux:v <0x0169cbbf>
			streams:   1, words:   194
		worklib.Extend:v <0x5ddbe4ff>
			streams:   1, words:  1182
		worklib.Register_File:v <0x56e23ed1>
			streams:   4, words:  1754
		worklib.PC_Mux:v <0x542127d9>
			streams:   1, words:   194
		worklib.PC_Target:v <0x59d25396>
			streams:   1, words:   136
		worklib.PC_Plus_4:v <0x0840f7f1>
			streams:   1, words:   121
		worklib.PC:v <0x3b7fc6ee>
			streams:   2, words:   454
		worklib.ALU_Decoder:v <0x76074bae>
			streams:   1, words:  2686
		worklib.Main_Decoder:v <0x6c1a2ee7>
			streams:   2, words:  1878
		worklib.Control_Unit:v <0x6f104590>
			streams:   0, words:     0
		worklib.Single_Cycle_Top:v <0x384aa5dd>
			streams:   3, words:   391
		worklib.tb_Single_Cycle_Top:v <0x0996c57f>
			streams:   6, words:  8376
	Building instance specific data structures.
	Loading native compiled code:     .................... Done
	Design hierarchy summary:
		                 Instances  Unique
		Modules:                18      18
		Registers:              10      10
		Scalar wires:           43       -
		Expanded wires:         34       2
		Vectored wires:         19       -
		Always blocks:           8       8
		Initial blocks:          5       5
		Cont. assignments:      18      24
		Pseudo assignments:      2       2
		Simulation timescale:  1ps
	Writing initial simulation snapshot: worklib.tb_Single_Cycle_Top:v
xmsim: *W,NOMTDGUI: Multi-Threaded Dumping is disabled for interactive debug mode.

-------------------------------------
Relinquished control to SimVision...
xcelium> 
xcelium> source /home/install/XCELIUM2209/tools/xcelium/files/xmsimrc
xcelium> database -open waves -into waves.shm -default
Created default SHM database waves
xcelium> probe -create -shm tb_Single_Cycle_Top.DataAddr tb_Single_Cycle_Top.Instr_out tb_Single_Cycle_Top.MemWrite tb_Single_Cycle_Top.PC_out tb_Single_Cycle_Top.WriteData tb_Single_Cycle_Top.clk tb_Single_Cycle_Top.read_dataout tb_Single_Cycle_Top.reset
Created probe 1
xcelium> run
==================================================
   SMVDU-AHO-32 Processor Simulation Started      
==================================================
Time: 24000 | PC: 00000000 | Instr: 00500113 | MemWrite: 0 | Addr: 00000005 | WData: xxxxxxxx
Time: 36000 | PC: 00000004 | Instr: 00c00193 | MemWrite: 0 | Addr: 0000000c | WData: xxxxxxxx
Time: 48000 | PC: 00000008 | Instr: ff718393 | MemWrite: 0 | Addr: 00000003 | WData: xxxxxxxx
Time: 60000 | PC: 0000000c | Instr: 0023e233 | MemWrite: 0 | Addr: 00000007 | WData: 00000005
Time: 72000 | PC: 00000010 | Instr: 0041f2b3 | MemWrite: 0 | Addr: 00000004 | WData: 00000007
Time: 84000 | PC: 00000014 | Instr: 004282b3 | MemWrite: 0 | Addr: 0000000b | WData: 00000007
Time: 96000 | PC: 00000018 | Instr: 02728863 | MemWrite: 0 | Addr: 00000008 | WData: 00000003
Time: 108000 | PC: 0000001c | Instr: 0041a233 | MemWrite: 0 | Addr: 00000000 | WData: 00000007
Time: 120000 | PC: 00000020 | Instr: 00020463 | MemWrite: 0 | Addr: 00000000 | WData: 00000000
Time: 132000 | PC: 00000028 | Instr: 0023a233 | MemWrite: 0 | Addr: 00000001 | WData: 00000005
Time: 144000 | PC: 0000002c | Instr: 005203b3 | MemWrite: 0 | Addr: 0000000c | WData: 0000000b
Time: 156000 | PC: 00000030 | Instr: 402383b3 | MemWrite: 0 | Addr: 00000007 | WData: 00000005
Time: 168000 | PC: 00000034 | Instr: 0471aa23 | MemWrite: 1 | Addr: 00000060 | WData: 00000007
Time: 180000 | PC: 00000038 | Instr: 06002103 | MemWrite: 0 | Addr: 00000060 | WData: 00000000
Time: 192000 | PC: 0000003c | Instr: 005104b3 | MemWrite: 0 | Addr: 00000012 | WData: 0000000b
Time: 204000 | PC: 00000040 | Instr: 008001ef | MemWrite: 0 | Addr: xxxxxxxx | WData: xxxxxxxx
Time: 216000 | PC: 00000048 | Instr: 00910133 | MemWrite: 0 | Addr: 00000019 | WData: 00000012
Time: 228000 | PC: 0000004c | Instr: 0221a023 | MemWrite: 1 | Addr: 00000064 | WData: 00000019
Time: 240000 | PC: 00000050 | Instr: 00210063 | MemWrite: 0 | Addr: 00000000 | WData: 00000019
Time: 252000 | PC: 00000050 | Instr: 00210063 | MemWrite: 0 | Addr: 00000000 | WData: 00000019
==================================================
   Test Program Completed Successfully.           
==================================================
Simulation complete via $finish(1) at time 254 NS + 0
./tb_Single_Cycle_Top.v:60         $finish;
xcelium> ^C
xcelium> exit
...Regained control from SimVision
-------------------------------------
TOOL:	xrun(64)	22.09-s003: Exiting on May 02, 2026 at 01:47:20 EDT  (total: 00:29:55)
