============================================================
  Generated by:           Genus(TM) Synthesis Solution 21.14-s082_1
  Generated on:           May 02 2026  01:01:50 am
  Module:                 Single_Cycle_Core
  Technology libraries:   tsmc18 1.0
                          sram_32x64_180nm_TT_5p0V_25C_lib 
  Operating conditions:   slow (balanced_tree)
  Wireload mode:          enclosed
  Area mode:              timing library
============================================================

      Instance          Module     Cell Count  Cell Area  Net Area   Total Area   Wireload  
--------------------------------------------------------------------------------------------
Single_Cycle_Core                        4907 126453.096     0.000   126453.096 <none> (D)  
  Control           Control_Unit           35    449.064     0.000      449.064 <none> (D)  
    ALU_Decoder     ALU_Decoder            17    236.174     0.000      236.174 <none> (D)  
    Main_Decoder    Main_Decoder           16    189.605     0.000      189.605 <none> (D)  
  Datapath          Core_Datapath        4872 126004.032     0.000   126004.032 <none> (D)  
    ALU_Mux_inst    ALU_Mux                46    798.336     0.000      798.336 <none> (D)  
    ALU_inst        ALU                  1464  21914.323     0.000    21914.323 <none> (D)  
    Extend_inst     Extend                 22    359.251     0.000      359.251 <none> (D)  
    PCPlus4_inst    PC_Plus_4              59    868.190     0.000      868.190 <none> (D)  
    PCTarget_inst   PC_Target              78   2361.744     0.000     2361.744 <none> (D)  
    PC_inst         PC                     33   2448.230     0.000     2448.230 <none> (D)  
    PCmux_inst      PC_Mux                 77    831.600     0.000      831.600 <none> (D)  
    Register_inst   Register_File        2986  94862.275     0.000    94862.275 <none> (D)  
    Result_Mux_inst Result_Mux             73   1134.302     0.000     1134.302 <none> (D)  
  (D) = wireload is default in technology library
