============================================================
  Generated by:           Genus(TM) Synthesis Solution 21.14-s082_1
  Generated on:           May 02 2026  01:01:50 am
  Module:                 Single_Cycle_Core
  Operating conditions:   slow (balanced_tree)
  Wireload mode:          enclosed
  Area mode:              timing library
============================================================


Path 1: MET (882 ps) Setup Check with Pin Datapath/Register_inst/REG_MEM_BLOCK_reg[24][31]/CK->D
          Group: sys_clk
     Startpoint: (R) Datapath/Register_inst/REG_MEM_BLOCK_reg[3][0]/CK
          Clock: (R) sys_clk
       Endpoint: (F) Datapath/Register_inst/REG_MEM_BLOCK_reg[24][31]/D
          Clock: (R) sys_clk

                     Capture       Launch     
        Clock Edge:+   12000            0     
       Src Latency:+       0            0     
       Net Latency:+       0 (I)        0 (I) 
           Arrival:=   12000            0     
                                              
             Setup:-     743                  
       Uncertainty:-     500                  
     Required Time:=   10757                  
      Launch Clock:-       0                  
         Data Path:-    9875                  
             Slack:=     882                  

#---------------------------------------------------------------------------------------------------------------------------------
#                      Timing Point                       Flags    Arc   Edge   Cell     Fanout Load Trans Delay Arrival Instance 
#                                                                                               (fF)  (ps)  (ps)   (ps)  Location 
#---------------------------------------------------------------------------------------------------------------------------------
  Datapath/Register_inst/REG_MEM_BLOCK_reg[3][0]/CK       -       -      R     (arrival)   1024    -   200     0       0    (-,-) 
  Datapath/Register_inst/REG_MEM_BLOCK_reg[3][0]/Q        -       CK->Q  F     SDFFHQX1       3 11.2   136   354     354    (-,-) 
  Datapath/Register_inst/g50513/Y                         -       C0->Y  R     AOI222X1       1  4.8   429   384     738    (-,-) 
  Datapath/Register_inst/g50425/Y                         -       A->Y   F     NAND3X1        1  4.2   149   116     854    (-,-) 
  Datapath/Register_inst/g50297/Y                         -       C->Y   R     NOR3X1         1  6.7   298   258    1111    (-,-) 
  Datapath/Register_inst/g50245/Y                         -       B0->Y  F     OAI2BB1X2      2 57.0   278   215    1327    (-,-) 
  Datapath/ALU_Mux_inst/g548__7098/Y                      -       A->Y   F     MX2X4         20 77.0   200   370    1696    (-,-) 
  Datapath/ALU_inst/g4016/Y                               -       A->Y   F     BUFX4         20 79.0   156   251    1948    (-,-) 
  Datapath/ALU_inst/g4015/Y                               -       A->Y   F     BUFX3          4 19.1    76   180    2127    (-,-) 
  Datapath/ALU_inst/sll_44_32_g4807/Y                     -       A->Y   R     INVX2          9 41.1   278   181    2308    (-,-) 
  Datapath/ALU_inst/sll_44_32_g4806/Y                     -       A->Y   F     INVX1         12 50.8   355   274    2582    (-,-) 
  Datapath/ALU_inst/sll_44_32_g4805/Y                     -       A->Y   R     INVX1         19 88.1  1102   710    3292    (-,-) 
  Datapath/ALU_inst/sll_44_32_g4791/Y                     -       A->Y   F     INVX1         20 81.9   647   586    3878    (-,-) 
  Datapath/ALU_inst/sll_44_32_g4549__5477/Y               -       B0->Y  R     AOI22X1        2  9.2   354   349    4227    (-,-) 
  Datapath/ALU_inst/sll_44_32_g4525__4319/Y               -       A0->Y  F     OAI22X1        2  8.8   233   150    4376    (-,-) 
  Datapath/ALU_inst/sll_44_32_g4494__6260/Y               -       B0->Y  R     AOI2BB2X1      3 10.2   316   243    4619    (-,-) 
  Datapath/ALU_inst/sll_44_32_g4432__6260/Y               -       B->Y   F     NOR3XL         1  4.8   247   122    4741    (-,-) 
  Datapath/ALU_inst/g7515__7482/Y                         -       B0->Y  R     AOI221X1       1  3.4   324   313    5054    (-,-) 
  Datapath/ALU_inst/g7486__5115/Y                         -       B0->Y  F     OAI2BB1X1      4 17.3   204   163    5217    (-,-) 
  Datapath/ALU_inst/final_adder_csmo_mux_0_g1285__1617/Y  -       A->Y   F     OR2X2          2  6.9    82   233    5450    (-,-) 
  Datapath/ALU_inst/final_adder_csmo_mux_0_g1185__4319/Y  -       B->Y   R     NAND2X1        1  4.0   117    95    5545    (-,-) 
  Datapath/ALU_inst/final_adder_csmo_mux_0_g1182__2398/Y  -       A->Y   F     NAND2X1        3  8.3   114    89    5634    (-,-) 
  Datapath/ALU_inst/final_adder_csmo_mux_0_g1180__6417/Y  -       A1N->Y F     OAI2BB1X1      4 14.7   177   267    5900    (-,-) 
  Datapath/ALU_inst/final_adder_csmo_mux_0_g1178__1666/Y  -       A->Y   R     NAND2X1        1  4.3   124   106    6006    (-,-) 
  Datapath/ALU_inst/final_adder_csmo_mux_0_g1176__2883/Y  -       B0->Y  F     OAI211X1       2  7.4   172   128    6134    (-,-) 
  Datapath/ALU_inst/final_adder_csmo_mux_0_g2__8428/Y     -       B->Y   R     NAND2BX1       2  7.6   170   142    6276    (-,-) 
  Datapath/ALU_inst/final_adder_csmo_mux_0_g1165__7098/Y  -       A0->Y  F     OAI221XL       3 12.8   306   233    6509    (-,-) 
  Datapath/ALU_inst/final_adder_csmo_mux_0_g1157__6783/Y  -       A0->Y  R     AOI31X1        4 15.8   444   320    6829    (-,-) 
  Datapath/ALU_inst/final_adder_csmo_mux_0_g1152__5107/Y  -       A->Y   F     NOR2X1         2  6.7   125   102    6930    (-,-) 
  Datapath/ALU_inst/final_adder_csmo_mux_0_g1145__2883/Y  -       A0->Y  R     AOI21X1        4 14.9   386   272    7202    (-,-) 
  Datapath/ALU_inst/final_adder_csmo_mux_0_g1141__4733/Y  -       A->Y   F     NOR3X1         1  4.3   118    95    7298    (-,-) 
  Datapath/ALU_inst/final_adder_csmo_mux_0_g1137__6131/Y  -       A->Y   R     NOR2X1         3 10.2   266   183    7480    (-,-) 
  Datapath/ALU_inst/final_adder_csmo_mux_0_g1133__1705/Y  -       A0->Y  F     OAI21XL        3  9.4   191   158    7639    (-,-) 
  Datapath/ALU_inst/final_adder_csmo_mux_0_g1132/Y        -       A->Y   R     INVXL          1  3.4   117   104    7743    (-,-) 
  Datapath/ALU_inst/final_adder_csmo_mux_0_g1130__1617/Y  -       A0->Y  F     OAI21XL        1  6.2   151   116    7860    (-,-) 
  Datapath/ALU_inst/final_adder_csmo_mux_0_g1129__3680/CO -       CI->CO F     ADDFX1         1  6.2   142   332    8192    (-,-) 
  Datapath/ALU_inst/final_adder_csmo_mux_0_g1128__6783/CO -       CI->CO F     ADDFX1         1  6.2   142   330    8522    (-,-) 
  Datapath/ALU_inst/final_adder_csmo_mux_0_g1127__5526/CO -       CI->CO F     ADDFX1         2  6.8   146   334    8856    (-,-) 
  Datapath/ALU_inst/final_adder_csmo_mux_0_g1126__8428/Y  -       A1N->Y F     OAI2BB2X1      2 51.5   486   460    9316    (-,-) 
  Datapath/Result_Mux_inst/g1181/Y                        -       A1N->Y F     OAI2BB1X1      1  3.5    97   299    9614    (-,-) 
  Datapath/Register_inst/drc_bufs36463/Y                  -       A->Y   R     INVX1          2  7.0   129    98    9712    (-,-) 
  Datapath/Register_inst/drc_bufs36462/Y                  -       A->Y   F     INVX1         16 30.7   215   163    9875    (-,-) 
  Datapath/Register_inst/REG_MEM_BLOCK_reg[24][31]/D      <<<     -      F     SDFFHQX1      16    -     -     0    9875    (-,-) 
#---------------------------------------------------------------------------------------------------------------------------------

