============================================================
  Generated by:           Genus(TM) Synthesis Solution 21.14-s082_1
  Generated on:           May 02 2026  01:01:50 am
  Module:                 Single_Cycle_Core
  Operating conditions:   slow (balanced_tree)
  Wireload mode:          enclosed
  Area mode:              timing library
============================================================

                                 
   Gate    Instances     Area     Library  
-------------------------------------------
ADDFX1            19    1327.234    tsmc18 
AND2X1             2      26.611    tsmc18 
AND2X2           102    1357.171    tsmc18 
AND3X2             2      33.264    tsmc18 
AND4X2             8     159.667    tsmc18 
AOI211X1          17     282.744    tsmc18 
AOI211XL           3      49.896    tsmc18 
AOI21X1          172    2288.563    tsmc18 
AOI21XL          101    1343.866    tsmc18 
AOI221X1          33     768.398    tsmc18 
AOI222X1          68    1809.562    tsmc18 
AOI22X1         1141   18977.112    tsmc18 
AOI22XL            6      99.792    tsmc18 
AOI2BB1X1          5      83.160    tsmc18 
AOI2BB1XL         27     449.064    tsmc18 
AOI2BB2X1         14     325.987    tsmc18 
AOI31X1            8     133.056    tsmc18 
AOI32X1           20     465.696    tsmc18 
AOI33X1            2      53.222    tsmc18 
BUFX1              1      13.306    tsmc18 
BUFX3             38     505.613    tsmc18 
BUFX4              1      16.632    tsmc18 
CLKBUFXL           2      26.611    tsmc18 
CLKINVX3          10      99.792    tsmc18 
DFFRHQX1           1      69.854    tsmc18 
DFFRX1            31    2371.723    tsmc18 
INVX1            521    3466.109    tsmc18 
INVX2              1       9.979    tsmc18 
INVXL             98     651.974    tsmc18 
MX2X1              7     186.278    tsmc18 
MX2X2              5     149.688    tsmc18 
MX2X4              1      33.264    tsmc18 
MX2XL              4     106.445    tsmc18 
MXI2X1             5     116.424    tsmc18 
MXI2XL             3      69.854    tsmc18 
NAND2BX1          29     385.862    tsmc18 
NAND2BX2           1      19.958    tsmc18 
NAND2BXL           1      13.306    tsmc18 
NAND2X1          178    1776.298    tsmc18 
NAND2XL           32     319.334    tsmc18 
NAND3BX1           4      66.528    tsmc18 
NAND3BXL           2      33.264    tsmc18 
NAND3X1           90    1197.504    tsmc18 
NAND3XL            2      26.611    tsmc18 
NAND4BXL           1      19.958    tsmc18 
NAND4X1           90    1496.880    tsmc18 
NAND4XL            2      33.264    tsmc18 
NOR2BX1           15     199.584    tsmc18 
NOR2BXL           20     266.112    tsmc18 
NOR2X1           148    1476.922    tsmc18 
NOR2X2             1      16.632    tsmc18 
NOR2XL            77     768.398    tsmc18 
NOR3BX1            1      19.958    tsmc18 
NOR3X1            29     385.862    tsmc18 
NOR3XL             8     106.445    tsmc18 
NOR4X1            22     439.085    tsmc18 
OAI211X1           7     139.709    tsmc18 
OAI211X4           1      29.938    tsmc18 
OAI21XL           80    1064.448    tsmc18 
OAI221XL          43    1001.246    tsmc18 
OAI222XL           9     239.501    tsmc18 
OAI22X1          126    2514.759    tsmc18 
OAI2BB1X1        139    2311.848    tsmc18 
OAI2BB1X2         24     558.835    tsmc18 
OAI2BB1XL         29     482.328    tsmc18 
OAI2BB2X1         65    1513.512    tsmc18 
OAI2BB2XL          2      46.570    tsmc18 
OAI31X1           39     778.378    tsmc18 
OAI32X1           37     861.538    tsmc18 
OR2X1              2      26.611    tsmc18 
OR2X2             10     133.056    tsmc18 
OR3X2              1      19.958    tsmc18 
OR3XL              7     116.424    tsmc18 
OR4X2              4      79.834    tsmc18 
SDFFHQX1         992   65995.776    tsmc18 
XNOR2X1           29     771.725    tsmc18 
XOR2X1            29     771.725    tsmc18 
-------------------------------------------
total           4907  126453.096           


                                           
     Type      Instances    Area    Area % 
-------------------------------------------
sequential          1024  68437.354   54.1 
inverter             630   4227.854    3.3 
buffer                42    562.162    0.4 
logic               3211  53225.727   42.1 
physical_cells         0      0.000    0.0 
-------------------------------------------
total               4907 126453.096  100.0 

