============================================================
  Generated by:           Genus(TM) Synthesis Solution 21.14-s082_1
  Generated on:           May 01 2026  08:31:00 am
  Module:                 Single_Cycle_Top
  Operating conditions:   slow (balanced_tree)
  Wireload mode:          enclosed
  Area mode:              timing library
============================================================


Path 1: MET (58 ps) Late External Delay Assertion at pin read_dataout[15]
          Group: sys_clk
     Startpoint: (R) core_top/Datapath/PC_inst/PCReg_reg[7]/CK
          Clock: (R) sys_clk
       Endpoint: (R) read_dataout[15]
          Clock: (R) sys_clk

                     Capture       Launch     
        Clock Edge:+   12000            0     
       Src Latency:+       0            0     
       Net Latency:+       0 (I)        0 (I) 
           Arrival:=   12000            0     
                                              
      Output Delay:-    4000                  
       Uncertainty:-     500                  
     Required Time:=    7500                  
      Launch Clock:-       0                  
         Data Path:-    7442                  
             Slack:=      58                  

Exceptions/Constraints:
  output_delay             4000            constraints.sdc_line_23_76_1 

#------------------------------------------------------------------------------------------------------------------------------------
#                       Timing Point                        Flags    Arc   Edge   Cell     Fanout  Load Trans Delay Arrival Instance 
#                                                                                                  (fF)  (ps)  (ps)   (ps)  Location 
#------------------------------------------------------------------------------------------------------------------------------------
  core_top/Datapath/PC_inst/PCReg_reg[7]/CK                 -       -      R     (arrival)   3072     -   200     0       0    (-,-) 
  core_top/Datapath/PC_inst/PCReg_reg[7]/Q                  -       CK->Q  R     DFFRHQX4       4  26.9   207   376     376    (-,-) 
  Instr_Memory/g69028/Y                                     -       A->Y   R     BUFX4          4  27.9   118   167     543    (-,-) 
  Instr_Memory/g68970/Y                                     -       A->Y   F     NAND2X1        1   8.3   137    89     632    (-,-) 
  Instr_Memory/g68500/Y                                     -       A->Y   R     CLKINVX3       2  26.5   139   105     737    (-,-) 
  Instr_Memory/g68499/Y                                     -       A->Y   R     BUFX16        34 177.8   160   178     915    (-,-) 
  Instr_Memory/g68498/Y                                     -       A->Y   F     CLKINVX4       2  19.9    91    78     993    (-,-) 
  Instr_Memory/g68398/Y                                     -       A->Y   R     INVX4         16  72.0   244   163    1157    (-,-) 
  Instr_Memory/g68496/Y                                     -       A->Y   F     INVX1          1  10.0   110    93    1250    (-,-) 
  Instr_Memory/g68495/Y                                     -       A->Y   R     INVX3         20  84.8   374   242    1492    (-,-) 
  Instr_Memory/g67052/Y                                     -       B0->Y  F     AOI22X1        1   4.6   181   157    1649    (-,-) 
  Instr_Memory/g66161/Y                                     -       A0->Y  R     AOI21X1        1   4.4   226   172    1821    (-,-) 
  Instr_Memory/g65765/Y                                     -       C0->Y  F     AOI211X1       1   2.6   146    98    1919    (-,-) 
  Instr_Memory/g65761/Y                                     -       A->Y   R     INVXL          1   4.4   126   106    2025    (-,-) 
  Instr_Memory/g65731/Y                                     -       B0->Y  F     AOI21X1        1   3.7   129    64    2089    (-,-) 
  Instr_Memory/g65617/Y                                     -       A->Y   F     AND4X2         1   4.7    74   194    2283    (-,-) 
  Instr_Memory/g65496/Y                                     -       A0->Y  R     OAI211X1       5  65.1  1394   836    3119    (-,-) 
  core_top/Datapath/ALU_Mux_inst/g580/Y                     -       B->Y   F     NAND2X1        1   6.7   241   110    3229    (-,-) 
  core_top/Datapath/ALU_Mux_inst/g560/Y                     -       B0->Y  R     OAI2BB1X2      9  32.0   257   208    3437    (-,-) 
  core_top/Datapath/ALU_inst/sra_45_32_g3734/Y              -       B->Y   F     NOR2X1         1   3.8    92    89    3526    (-,-) 
  core_top/Datapath/ALU_inst/sra_45_32_g3693/Y              -       D->Y   F     AND4X2         1  18.5   116   279    3805    (-,-) 
  core_top/Datapath/ALU_inst/sra_45_32_g3661/Y              -       A->Y   R     NAND4X4        4  40.4   256   145    3950    (-,-) 
  core_top/Datapath/ALU_inst/sra_45_32_g3660/Y              -       A->Y   F     CLKINVX3       1   7.8    77    67    4017    (-,-) 
  core_top/Datapath/ALU_inst/sra_45_32_g3638/Y              -       A->Y   R     NAND2X2        3  20.3   188   116    4134    (-,-) 
  core_top/Datapath/ALU_inst/sra_45_32_g3621/Y              -       A->Y   F     INVX4         14  59.4   119   103    4236    (-,-) 
  core_top/Datapath/ALU_inst/sra_45_32_g3575/Y              -       B->Y   R     NAND2X1        1   4.8   129   111    4347    (-,-) 
  core_top/Datapath/ALU_inst/sra_45_32_g3531/Y              -       A->Y   F     NAND3X1        1   7.8   161   109    4456    (-,-) 
  core_top/Datapath/ALU_inst/g6508/Y                        -       A->Y   R     NAND2X2        1   9.4   140   100    4556    (-,-) 
  core_top/Datapath/ALU_inst/g6148/Y                        -       C->Y   F     NAND3X2        4  18.0   151   126    4682    (-,-) 
  core_top/Datapath/ALU_inst/final_adder_csmo_mux_0_g1177/Y -       A->Y   F     AND2X4         3  23.7    88   200    4882    (-,-) 
  core_top/Datapath/ALU_inst/final_adder_csmo_mux_0_g1014/Y -       A0->Y  R     AOI21X4        2  13.6   162   131    5013    (-,-) 
  core_top/Datapath/ALU_inst/final_adder_csmo_mux_0_g997/Y  -       A->Y   F     NOR2X2         2   6.4    89    56    5069    (-,-) 
  core_top/Datapath/ALU_inst/final_adder_csmo_mux_0_g989/Y  -       A1N->Y F     OAI2BB1X4      5  32.8   116   193    5262    (-,-) 
  core_top/Datapath/ALU_inst/final_adder_csmo_mux_0_g981/Y  -       A1N->Y F     OAI2BB1X2      2  12.6   101   197    5459    (-,-) 
  core_top/Datapath/ALU_inst/final_adder_csmo_mux_0_g980/Y  -       A->Y   R     CLKINVX3       1   7.8    65    54    5513    (-,-) 
  core_top/Datapath/ALU_inst/final_adder_csmo_mux_0_g972/Y  -       A->Y   F     NAND2X2        1  12.4    92    66    5580    (-,-) 
  core_top/Datapath/ALU_inst/final_adder_csmo_mux_0_g967/Y  -       B0->Y  R     OAI2BB1X4      8  91.6   331   216    5796    (-,-) 
  Data_Memory/g90462/Y                                      -       A->Y   F     CLKINVX4       2  36.7   153   131    5927    (-,-) 
  Data_Memory/g90343/Y                                      -       A->Y   R     INVX8          8 104.1   183   139    6066    (-,-) 
  Data_Memory/g90252_0/Y                                    -       A->Y   R     CLKBUFX8      19 117.8   203   238    6304    (-,-) 
  Data_Memory/g90220/Y                                      -       A->Y   F     CLKINVX3       1  13.1    89    77    6382    (-,-) 
  Data_Memory/g90219/Y                                      -       A->Y   R     INVX4         16  68.8   234   157    6539    (-,-) 
  Data_Memory/g89607/Y                                      -       B0->Y  F     AOI22X1        1   4.3   155   134    6673    (-,-) 
  Data_Memory/g88641/Y                                      -       A->Y   R     NOR2X1         1   4.7   181   134    6807    (-,-) 
  Data_Memory/g88133__8428/Y                                -       C0->Y  F     AOI221X1       1   4.4   183    85    6892    (-,-) 
  Data_Memory/g87709__5107/Y                                -       A0->Y  R     OAI21X1        1   7.8   278   216    7108    (-,-) 
  Data_Memory/g87689__2802/Y                                -       A->Y   F     NAND2X2        1  20.6   142   113    7221    (-,-) 
  Data_Memory/g87629__5526/Y                                -       D->Y   R     NAND4X4        2  51.5   288   221    7442    (-,-) 
  read_dataout[15]                                          <<<     -      R     (port)         -     -     -     0    7442    (-,-) 
#------------------------------------------------------------------------------------------------------------------------------------

