============================================================
  Generated by:           Genus(TM) Synthesis Solution 21.14-s082_1
  Generated on:           May 01 2026  08:31:00 am
  Module:                 Single_Cycle_Top
  Operating conditions:   slow (balanced_tree)
  Wireload mode:          enclosed
  Area mode:              timing library
============================================================

                                 
   Gate    Instances     Area     Library  
-------------------------------------------
ADDFX1             9     628.690    tsmc18 
AND2X2           128    1703.117    tsmc18 
AND2X4            22     365.904    tsmc18 
AND3X2             8     133.056    tsmc18 
AND3X4             4      79.834    tsmc18 
AND4X2            41     818.294    tsmc18 
AOI211X1          73    1214.136    tsmc18 
AOI211XL           1      16.632    tsmc18 
AOI21X1          515    6852.384    tsmc18 
AOI21X2           25     582.120    tsmc18 
AOI21X4            5     166.320    tsmc18 
AOI21XL           31     412.474    tsmc18 
AOI221X1          49    1140.955    tsmc18 
AOI222X1         203    5402.074    tsmc18 
AOI22X1         3017   50178.744    tsmc18 
AOI22X2            4     119.750    tsmc18 
AOI22XL           32     532.224    tsmc18 
AOI2BB1X1          9     149.688    tsmc18 
AOI2BB1XL         28     465.696    tsmc18 
AOI2BB2X1         13     302.702    tsmc18 
AOI2BB2X2          1      29.938    tsmc18 
AOI31X1           40     665.280    tsmc18 
AOI32X1           10     232.848    tsmc18 
AOI32XL            1      23.285    tsmc18 
BUFX12             4     133.056    tsmc18 
BUFX16             5     216.216    tsmc18 
BUFX20             2     106.445    tsmc18 
BUFX3            101    1343.866    tsmc18 
BUFX4              7     116.424    tsmc18 
BUFX8             13     389.189    tsmc18 
CLKBUFX8          10     232.848    tsmc18 
CLKBUFXL           2      26.611    tsmc18 
CLKINVX2           5      49.896    tsmc18 
CLKINVX3         262    2614.550    tsmc18 
CLKINVX4          45     598.752    tsmc18 
CLKINVX8          34     678.586    tsmc18 
DFFRHQX2           2     172.973    tsmc18 
DFFRHQX4           4     425.779    tsmc18 
DFFRX1            25    1912.680    tsmc18 
DFFRXL             1      76.507    tsmc18 
INVX1            750    4989.600    tsmc18 
INVX2            107    1067.774    tsmc18 
INVX3             45     598.752    tsmc18 
INVX4            179    2381.702    tsmc18 
INVX8             97    1935.965    tsmc18 
INVXL            123     818.294    tsmc18 
MX2X1              4     106.445    tsmc18 
MX2X2              1      29.938    tsmc18 
MXI2X1            91    2118.917    tsmc18 
MXI2X2             1      26.611    tsmc18 
MXI2X4             2      93.139    tsmc18 
MXI2XL             6     139.709    tsmc18 
NAND2BX1          64     851.558    tsmc18 
NAND2BX2           5      99.792    tsmc18 
NAND2BX4           9     239.501    tsmc18 
NAND2BXL           6      79.834    tsmc18 
NAND2X1          555    5538.456    tsmc18 
NAND2X2           56     931.392    tsmc18 
NAND2X4           20     465.696    tsmc18 
NAND2XL           45     449.064    tsmc18 
NAND3BX1           8     133.056    tsmc18 
NAND3BX2           2      53.222    tsmc18 
NAND3BX4           1      36.590    tsmc18 
NAND3BXL           1      16.632    tsmc18 
NAND3X1           43     572.141    tsmc18 
NAND3X2            3      69.854    tsmc18 
NAND3X4            3      99.792    tsmc18 
NAND3XL            1      13.306    tsmc18 
NAND4BXL           1      19.958    tsmc18 
NAND4X1           97    1613.304    tsmc18 
NAND4X2            1      29.938    tsmc18 
NAND4X4           34    1922.659    tsmc18 
NOR2BX1           34     452.390    tsmc18 
NOR2BX4            2      53.222    tsmc18 
NOR2BXL           17     226.195    tsmc18 
NOR2X1           270    2694.384    tsmc18 
NOR2X2            21     349.272    tsmc18 
NOR2X4            15     349.272    tsmc18 
NOR2XL            26     259.459    tsmc18 
NOR3X1            52     691.891    tsmc18 
NOR3X2             6     139.709    tsmc18 
NOR3XL             7      93.139    tsmc18 
NOR4BX1            1      19.958    tsmc18 
NOR4X1             6     119.750    tsmc18 
OAI211X1           8     159.667    tsmc18 
OAI211X4           2      59.875    tsmc18 
OAI21X1           28     465.696    tsmc18 
OAI21X2            8     212.890    tsmc18 
OAI21X4            3     109.771    tsmc18 
OAI21XL          116    1543.450    tsmc18 
OAI221X2           1      43.243    tsmc18 
OAI221X4           5     182.952    tsmc18 
OAI221XL          49    1140.955    tsmc18 
OAI222XL          16     425.779    tsmc18 
OAI22X1          580   11575.873    tsmc18 
OAI22X4            1      46.570    tsmc18 
OAI22XL            3      59.875    tsmc18 
OAI2BB1X1        361    6004.152    tsmc18 
OAI2BB1X2         95    2212.056    tsmc18 
OAI2BB1X4         62    2062.368    tsmc18 
OAI2BB1XL         35     582.120    tsmc18 
OAI2BB2X1        103    2398.334    tsmc18 
OAI2BB2X2          5     166.320    tsmc18 
OAI2BB2X4          1      49.896    tsmc18 
OAI31X1            3      59.875    tsmc18 
OAI32X1           30     698.544    tsmc18 
OR2X2             93    1237.421    tsmc18 
OR2X4              1      19.958    tsmc18 
OR3X2              1      19.958    tsmc18 
OR4X2              3      59.875    tsmc18 
SDFFHQX1        3040  202245.120    tsmc18 
XNOR2X1           28     745.114    tsmc18 
XNOR2X2            1      36.590    tsmc18 
XOR2X1            47    1250.726    tsmc18 
XOR2X2             5     166.320    tsmc18 
-------------------------------------------
total          12343  350343.102           


                                           
     Type      Instances    Area    Area % 
-------------------------------------------
sequential          3072 204833.059   58.5 
inverter            1647  15733.872    4.5 
buffer               144   2564.654    0.7 
logic               7480 127211.516   36.3 
physical_cells         0      0.000    0.0 
-------------------------------------------
total              12343 350343.102  100.0 

