============================================================
  Generated by:           Genus(TM) Synthesis Solution 21.14-s082_1
  Generated on:           May 01 2026  08:31:00 am
  Module:                 Single_Cycle_Top
  Technology libraries:   tsmc18 1.0
                          sram_32x64_180nm_TT_5p0V_25C_lib 
  Operating conditions:   slow (balanced_tree)
  Wireload mode:          enclosed
  Area mode:              timing library
============================================================

       Instance             Module        Cell Count  Cell Area  Net Area   Total Area   Wireload  
---------------------------------------------------------------------------------------------------
Single_Cycle_Top                               12343 350343.102     0.000   350343.102 <none> (D)  
  Data_Memory         Data_Memory               4807 180550.340     0.000   180550.340 <none> (D)  
  Instr_Memory        Instruction_Memory        2037  32462.338     0.000    32462.338 <none> (D)  
  core_top            Single_Cycle_Core         5453 136718.367     0.000   136718.367 <none> (D)  
    Control           Control_Unit                41    562.162     0.000      562.162 <none> (D)  
      ALU_Decoder     ALU_Decoder                 19    269.438     0.000      269.438 <none> (D)  
      Main_Decoder    Main_Decoder                20    266.112     0.000      266.112 <none> (D)  
    Datapath          Core_Datapath             5412 136156.205     0.000   136156.205 <none> (D)  
      ALU_Mux_inst    ALU_Mux                     65   1437.005     0.000     1437.005 <none> (D)  
      ALU_inst        ALU                       1624  24755.069     0.000    24755.069 <none> (D)  
      Extend_inst     Extend                      29    465.696     0.000      465.696 <none> (D)  
      PCPlus4_inst    PC_Plus_4                   59    868.190     0.000      868.190 <none> (D)  
      PCTarget_inst   PC_Target                  102   2504.779     0.000     2504.779 <none> (D)  
      PC_inst         PC                          33   2594.592     0.000     2594.592 <none> (D)  
      PCmux_inst      PC_Mux                      70    795.010     0.000      795.010 <none> (D)  
      Register_inst   Register_File             3293 100876.406     0.000   100876.406 <none> (D)  
      Result_Mux_inst Result_Mux                  73   1134.302     0.000     1134.302 <none> (D)  
  (D) = wireload is default in technology library
